CCS PCM C Compiler, Version 5.008, 5967               22-fev-22 09:36

               Filename:   C:\Users\oi298979\Documents\Proteus\PIC\Serial_interrupt_n\Software\main.lst

               ROM used:   2125 words (52%)
                           Largest free fragment is 1958
               RAM used:   30 (8%) at main() level
                           187 (49%) worst case
               Stack used: 4 locations (2 in main + 2 for interrupts)
               Stack size: 16

*
0000:  MOVLP  00
0001:  GOTO   7CC
0002:  NOP
*
0004:  CLRF   03
0005:  MOVLP  00
0006:  MOVLB  00
0007:  MOVF   77,W
0008:  MOVWF  20
0009:  MOVF   78,W
000A:  MOVWF  21
000B:  MOVF   79,W
000C:  MOVWF  22
000D:  MOVF   7A,W
000E:  MOVWF  23
000F:  CLRF   05
0010:  MOVLW  91
0011:  MOVWF  04
0012:  BTFSS  00.5
0013:  GOTO   016
0014:  BTFSC  11.5
0015:  GOTO   01F
0016:  MOVF   20,W
0017:  MOVWF  77
0018:  MOVF   21,W
0019:  MOVWF  78
001A:  MOVF   22,W
001B:  MOVWF  79
001C:  MOVF   23,W
001D:  MOVWF  7A
001E:  RETFIE
001F:  MOVLP  00
0020:  GOTO   0D4
.................... #include <main.h> 
.................... //#include <18F2550.h> 
.................... #include <16F1827.h> 
.................... //////// Standard Header file for the PIC16F1827 device //////////////// 
.................... #device PIC16F1827 
0021:  BRW
0022:  RETLW  31
0023:  RETLW  36
0024:  RETLW  46
0025:  RETLW  31
0026:  RETLW  38
0027:  RETLW  32
0028:  RETLW  37
0029:  RETLW  00
002A:  BRW
002B:  RETLW  00
002C:  BRW
002D:  RETLW  30
002E:  RETLW  30
002F:  RETLW  00
0030:  RETLW  50
0031:  RETLW  49
0032:  RETLW  43
0033:  RETLW  00
0034:  RETLW  45
0035:  RETLW  72
0036:  RETLW  72
0037:  RETLW  6F
0038:  RETLW  2C
0039:  RETLW  20
003A:  RETLW  63
003B:  RETLW  6D
003C:  RETLW  64
003D:  RETLW  20
003E:  RETLW  69
003F:  RETLW  6E
0040:  RETLW  76
0041:  RETLW  00
0042:  MOVF   00,F
0043:  BTFSC  03.2
0044:  GOTO   058
0045:  MOVF   05,W
0046:  MOVLB  02
0047:  MOVWF  28
0048:  MOVF   04,W
0049:  MOVWF  27
004A:  MOVF   00,W
004B:  MOVLB  00
004C:  BTFSS  11.4
004D:  GOTO   04C
004E:  MOVLB  03
004F:  MOVWF  1A
0050:  MOVLB  02
0051:  MOVF   28,W
0052:  MOVWF  05
0053:  MOVF   27,W
0054:  MOVWF  04
0055:  ADDFSR 01,FSR0
0056:  MOVLB  00
0057:  GOTO   042
0058:  RETURN
0059:  MOVF   0B,W
005A:  MOVLB  02
005B:  MOVWF  28
005C:  BCF    0B.7
005D:  MOVLB  03
005E:  BSF    15.7
005F:  BSF    15.0
0060:  NOP
0061:  NOP
0062:  BTFSC  03.0
0063:  GOTO   08A
0064:  MOVF   13,W
0065:  ANDLW  7F
0066:  MOVLB  02
0067:  MOVWF  29
0068:  MOVLB  03
0069:  MOVF   11,W
006A:  MOVLB  02
006B:  MOVWF  2A
006C:  MOVLB  03
006D:  MOVF   12,W
006E:  MOVLB  02
006F:  MOVWF  2B
0070:  MOVF   29,W
0071:  MOVLB  00
0072:  BTFSS  11.4
0073:  GOTO   072
0074:  MOVLB  03
0075:  MOVWF  1A
0076:  MOVLB  02
0077:  MOVF   2A,W
0078:  MOVLB  03
0079:  MOVWF  11
007A:  MOVLB  02
007B:  MOVF   2B,W
007C:  MOVLB  03
007D:  MOVWF  12
007E:  BSF    15.7
007F:  BSF    15.0
0080:  NOP
0081:  NOP
0082:  MOVLB  02
0083:  DECFSZ 27,F
0084:  GOTO   086
0085:  GOTO   088
0086:  MOVLB  03
0087:  GOTO   08A
0088:  GOTO   0AC
0089:  MOVLB  03
008A:  RLF    13,W
008B:  RLF    14,W
008C:  ANDLW  7F
008D:  MOVLB  02
008E:  MOVWF  29
008F:  MOVLB  03
0090:  MOVF   11,W
0091:  MOVLB  02
0092:  MOVWF  2A
0093:  MOVLB  03
0094:  MOVF   12,W
0095:  MOVLB  02
0096:  MOVWF  2B
0097:  MOVF   29,W
0098:  MOVLB  00
0099:  BTFSS  11.4
009A:  GOTO   099
009B:  MOVLB  03
009C:  MOVWF  1A
009D:  MOVLB  02
009E:  MOVF   2A,W
009F:  MOVLB  03
00A0:  MOVWF  11
00A1:  MOVLB  02
00A2:  MOVF   2B,W
00A3:  MOVLB  03
00A4:  MOVWF  12
00A5:  INCF   11,F
00A6:  BTFSC  03.2
00A7:  INCF   12,F
00A8:  BCF    03.0
00A9:  MOVLB  02
00AA:  DECFSZ 27,F
00AB:  GOTO   05D
00AC:  BTFSC  28.7
00AD:  BSF    0B.7
00AE:  MOVLB  00
00AF:  RETURN
*
00C6:  MOVF   78,W
00C7:  BTFSC  03.2
00C8:  GOTO   0CD
00C9:  MOVF   77,W
00CA:  MOVWI  W,[FSR0++]
00CB:  DECFSZ 78,F
00CC:  GOTO   0C9
00CD:  RETURN
*
06B6:  DATA 0D,05
06B7:  DATA A5,39
06B8:  DATA A5,31
06B9:  DATA A5,31
06BA:  DATA 23,10
06BB:  DATA A5,39
06BC:  DATA A0,16
06BD:  DATA A0,32
06BE:  DATA 31,18
06BF:  DATA B1,06
06C0:  DATA 0A,00
06C1:  DATA 0D,05
06C2:  DATA A5,39
06C3:  DATA A5,31
06C4:  DATA A5,31
06C5:  DATA 23,10
06C6:  DATA A5,39
06C7:  DATA A0,16
06C8:  DATA A0,32
06C9:  DATA 31,18
06CA:  DATA B6,06
06CB:  DATA 0A,00
06CC:  DATA 0D,05
06CD:  DATA A5,39
06CE:  DATA A5,31
06CF:  DATA A5,31
06D0:  DATA 23,10
06D1:  DATA A5,39
06D2:  DATA A0,16
06D3:  DATA A0,32
06D4:  DATA 31,18
06D5:  DATA B7,06
06D6:  DATA 0A,00
06D7:  DATA 0D,05
06D8:  DATA 50,19
06D9:  DATA 3A,10
06DA:  DATA FC,12
06DB:  DATA 63,3E
06DC:  DATA A5,31
06DD:  DATA 7C,10
06DE:  DATA 0D,05
06DF:  DATA 00,01
06E0:  DATA 0D,05
06E1:  DATA A0,12
06E2:  DATA E3,12
06E3:  DATA 63,10
06E4:  DATA 20,10
06E5:  DATA 0D,05
06E6:  DATA 00,01
06E7:  DATA 0D,05
06E8:  DATA A5,39
06E9:  DATA A5,31
06EA:  DATA A5,31
06EB:  DATA 23,10
06EC:  DATA A5,39
06ED:  DATA 2D,10
06EE:  DATA E5,18
06EF:  DATA 31,18
06F0:  DATA E1,06
06F1:  DATA 0A,00
06F2:  DATA 0D,05
06F3:  DATA A5,39
06F4:  DATA A5,39
06F5:  DATA 23,10
06F6:  DATA A5,39
06F7:  DATA A0,16
06F8:  DATA A0,32
06F9:  DATA B1,18
06FA:  DATA 30,31
06FB:  DATA 0D,05
06FC:  DATA 00,00
06FD:  RETLW  50
06FE:  RETLW  42
06FF:  RETLW  30
0700:  RETLW  00
0701:  RETLW  50
0702:  RETLW  42
0703:  RETLW  31
0704:  RETLW  00
0705:  RETLW  50
0706:  RETLW  42
0707:  RETLW  32
0708:  RETLW  00
0709:  RETLW  50
070A:  RETLW  42
070B:  RETLW  33
070C:  RETLW  00
070D:  RETLW  50
070E:  RETLW  42
070F:  RETLW  34
0710:  RETLW  00
0711:  RETLW  50
0712:  RETLW  42
0713:  RETLW  35
0714:  RETLW  00
0715:  RETLW  50
0716:  RETLW  42
0717:  RETLW  36
0718:  RETLW  00
0719:  RETLW  50
071A:  RETLW  42
071B:  RETLW  37
071C:  RETLW  00
071D:  RETLW  50
071E:  RETLW  43
071F:  RETLW  30
0720:  RETLW  00
0721:  RETLW  50
0722:  RETLW  43
0723:  RETLW  31
0724:  RETLW  00
0725:  RETLW  50
0726:  RETLW  43
0727:  RETLW  32
0728:  RETLW  00
0729:  RETLW  50
072A:  RETLW  43
072B:  RETLW  33
072C:  RETLW  00
072D:  RETLW  50
072E:  RETLW  43
072F:  RETLW  34
0730:  RETLW  00
0731:  RETLW  50
0732:  RETLW  43
0733:  RETLW  35
0734:  RETLW  00
0735:  RETLW  50
0736:  RETLW  43
0737:  RETLW  36
0738:  RETLW  00
0739:  RETLW  50
073A:  RETLW  43
073B:  RETLW  37
073C:  RETLW  00
073D:  RETLW  50
073E:  RETLW  44
073F:  RETLW  30
0740:  RETLW  00
0741:  RETLW  50
0742:  RETLW  44
0743:  RETLW  31
0744:  RETLW  00
0745:  RETLW  50
0746:  RETLW  44
0747:  RETLW  32
0748:  RETLW  00
0749:  RETLW  50
074A:  RETLW  44
074B:  RETLW  33
074C:  RETLW  00
074D:  RETLW  50
074E:  RETLW  44
074F:  RETLW  34
0750:  RETLW  00
0751:  RETLW  50
0752:  RETLW  44
0753:  RETLW  35
0754:  RETLW  00
0755:  RETLW  50
0756:  RETLW  44
0757:  RETLW  36
0758:  RETLW  00
0759:  RETLW  50
075A:  RETLW  44
075B:  RETLW  37
075C:  RETLW  00
075D:  RETLW  50
075E:  RETLW  42
075F:  RETLW  30
0760:  RETLW  00
0761:  RETLW  50
0762:  RETLW  42
0763:  RETLW  31
0764:  RETLW  00
0765:  RETLW  50
0766:  RETLW  42
0767:  RETLW  32
0768:  RETLW  00
0769:  RETLW  50
076A:  RETLW  42
076B:  RETLW  33
076C:  RETLW  00
076D:  RETLW  50
076E:  RETLW  42
076F:  RETLW  34
0770:  RETLW  00
0771:  RETLW  50
0772:  RETLW  42
0773:  RETLW  35
0774:  RETLW  00
0775:  RETLW  50
0776:  RETLW  42
0777:  RETLW  36
0778:  RETLW  00
0779:  RETLW  50
077A:  RETLW  42
077B:  RETLW  37
077C:  RETLW  00
077D:  RETLW  50
077E:  RETLW  43
077F:  RETLW  30
0780:  RETLW  00
0781:  RETLW  50
0782:  RETLW  43
0783:  RETLW  31
0784:  RETLW  00
0785:  RETLW  50
0786:  RETLW  43
0787:  RETLW  32
0788:  RETLW  00
0789:  RETLW  50
078A:  RETLW  43
078B:  RETLW  33
078C:  RETLW  00
078D:  RETLW  50
078E:  RETLW  43
078F:  RETLW  34
0790:  RETLW  00
0791:  RETLW  50
0792:  RETLW  43
0793:  RETLW  35
0794:  RETLW  00
0795:  RETLW  50
0796:  RETLW  43
0797:  RETLW  36
0798:  RETLW  00
0799:  RETLW  50
079A:  RETLW  43
079B:  RETLW  37
079C:  RETLW  00
079D:  RETLW  50
079E:  RETLW  44
079F:  RETLW  30
07A0:  RETLW  00
07A1:  RETLW  50
07A2:  RETLW  44
07A3:  RETLW  31
07A4:  RETLW  00
07A5:  RETLW  50
07A6:  RETLW  44
07A7:  RETLW  32
07A8:  RETLW  00
07A9:  RETLW  50
07AA:  RETLW  44
07AB:  RETLW  33
07AC:  RETLW  00
07AD:  RETLW  50
07AE:  RETLW  44
07AF:  RETLW  34
07B0:  RETLW  00
07B1:  RETLW  50
07B2:  RETLW  44
07B3:  RETLW  35
07B4:  RETLW  00
07B5:  RETLW  50
07B6:  RETLW  44
07B7:  RETLW  36
07B8:  RETLW  00
07B9:  RETLW  50
07BA:  RETLW  44
07BB:  RETLW  37
07BC:  RETLW  00
07BD:  DATA 8A,06
07BE:  DATA 20,10
07BF:  DATA 20,10
07C0:  DATA 20,10
07C1:  DATA 20,10
07C2:  DATA A5,39
07C3:  DATA 00,01
07C4:  DATA 8A,06
07C5:  DATA 20,10
07C6:  DATA 20,10
07C7:  DATA 20,10
07C8:  DATA 20,10
07C9:  DATA A5,39
07CA:  DATA 8A,06
07CB:  DATA 00,00
....................  
.................... #list 
....................  
....................  
.................... #device ADC=16 
....................  
.................... #FUSES NOWDT                    //No Watch Dog Timer 
.................... #FUSES NOMCLR                     //Master Clear pin used for I/O 
.................... #FUSES NOBROWNOUT               //No brownout reset 
.................... #FUSES NOLVP                    //No low voltage prgming, B3(PIC16) or B5(PIC18) used for I/O 
....................  
....................  
.................... #use delay(clock=4000000,crystal=4MHz) 
*
00B0:  MOVLW  20
00B1:  MOVWF  05
00B2:  MOVLW  2F
00B3:  MOVWF  04
00B4:  MOVF   00,W
00B5:  BTFSC  03.2
00B6:  GOTO   0C5
00B7:  MOVLW  01
00B8:  MOVWF  78
00B9:  CLRF   77
00BA:  DECFSZ 77,F
00BB:  GOTO   0BA
00BC:  DECFSZ 78,F
00BD:  GOTO   0B9
00BE:  MOVLW  4A
00BF:  MOVWF  77
00C0:  DECFSZ 77,F
00C1:  GOTO   0C0
00C2:  GOTO   0C3
00C3:  DECFSZ 00,F
00C4:  GOTO   0B7
00C5:  RETURN
.................... #use rs232(baud=2400,parity=N,xmit=PIN_B2,rcv=PIN_B1,bits=8,stream=PORT1) 
....................  
....................  
....................  
....................  
....................  
.................... // ============================================================================================================= 
.................... // --- Mapeamento de Hardware --- 
.................... #define defTime       1 
.................... #define defTamLinRX   15      
.................... #define defBusLocal 0 
.................... #define defBusRem   1 
.................... #define defPorta    0 
....................  
.................... // ----- Declar Var-Constantes ------------------------------------------------ 
.................... const char cCI[5] = "PIC"; 
.................... const char cMod[10] = "16F1827"; 
.................... const char cMsgFail[20] = "Erro, cmd inv"; 
....................  
.................... // ----- Declara Var´s--------------------------------------------------------- 
.................... int iDigNum;                  // Conta num de char-RX 
.................... char cLinComRX[defTamLinRX];  // Armazena linha de comunicação serial, linhas sempre se formaram de \(Inicio), Msg, ;(fim) 
.................... boolean bPrompt;              // Ctrl responder ou não 
.................... boolean bBusLocalAtivo;       // Ctrl-info Bus conectado 
.................... char cMyID[3];                // Endereço da placa 
....................  
.................... //char cRX;                      
....................  
.................... // ---- Declara funções -------------------------------------------------------- 
.................... void _init();                    // Inicia variáveis 
.................... void help();                     // Lista comandos 
.................... void lerPortaCom(int iPorta);    // Escuta eventos da porta com 
.................... char Comando(char xLinRX);       // Interpretador de comandos Terminal 
.................... void fixarBUS(int iBus);         // Fixa Bus em local ou remoto 
.................... void reset(); 
....................    
....................  
.................... char FuncaoPinAtmega328p(char sP); 
.................... int PinAtmega328pToArduino(char sP); 
....................  
....................  
.................... // Trata da interrupção 
.................... #INT_RDA          // Tem que ficar junto void  RDA_isr(void)  - se não não funciona 
.................... void  RDA_isr(void)  
.................... { 
.................... // Toda vez q o PIC receber algum dado da serial, ele interrompe o programa(while) e 
.................... // vem aqui(se tiver num delay, sai do delay, exec.aqui e volta pro while 
....................    
....................    lerPortaCom(0); 
*
00D4:  CLRF   3B
....................    
*
06B3:  BCF    11.5
06B4:  MOVLP  00
06B5:  GOTO   016
.................... } 
....................  
.................... void main() 
*
07CC:  MOVLB  03
07CD:  BSF    1F.3
07CE:  MOVLW  A0
07CF:  MOVWF  1B
07D0:  MOVLW  01
07D1:  MOVWF  1C
07D2:  MOVLW  A6
07D3:  MOVWF  1E
07D4:  MOVLW  90
07D5:  MOVWF  1D
07D6:  CLRF   0C
07D7:  CLRF   0D
07D8:  MOVLB  02
07D9:  CLRF   12
07DA:  CLRF   11
07DB:  CLRF   14
07DC:  CLRF   13
.................... { 
....................  
....................    enable_interrupts(INT_RDA); 
07DD:  MOVLB  01
07DE:  BSF    11.5
....................    enable_interrupts(GLOBAL); 
07DF:  MOVLW  C0
07E0:  IORWF  0B,F
....................     
....................    _init(); 
07E1:  MOVLP  08
07E2:  MOVLB  00
07E3:  GOTO   000
07E4:  MOVLP  00
....................     
....................    
....................  
....................    while(TRUE) 
....................    { 
....................       //TODO: User Code       
....................       //output_toggle(pin_b0); 
....................       delay_ms(300); 
07E5:  MOVLW  02
07E6:  MOVWF  39
07E7:  CLRF   24
07E8:  BTFSC  0B.7
07E9:  BSF    24.7
07EA:  BCF    0B.7
07EB:  MOVLW  96
07EC:  MOVWF  4F
07ED:  CALL   0B0
07EE:  BTFSC  24.7
07EF:  BSF    0B.7
07F0:  DECFSZ 39,F
07F1:  GOTO   7E7
07F2:  GOTO   7E5
....................        
....................        
....................    } 
....................  
.................... } 
....................  
07F3:  SLEEP
.................... void _init(){ 
....................       
....................      output_high(pin_B0);              // Coloca pino B0_conectado ao MCLR em 1(funcionamento)  
*
0800:  MOVLB  01
0801:  BCF    0D.0
0802:  MOVLB  02
0803:  BSF    0D.0
....................      cMyID[0] = '0';                    // My endereço Inicial 
0804:  MOVLW  30
0805:  MOVLB  00
0806:  MOVWF  36
....................      cMyID[1] = '0'; 
0807:  MOVWF  37
....................      cMyID[2] = '0'; 
0808:  MOVWF  38
....................      cMyID[3] = '0'; 
0809:  MOVWF  39
....................       
....................      fixarBus(defBusLocal);            // habilita TX-Local, conecta ao BUS 
080A:  CLRF   39
....................      bPrompt = true;                   // Exibe Prompt, na realidade é uma mensagem-serial do MC ao terminal  
*
0830:  BSF    35.0
....................      printf("%s%s> ", cCI, cMyID);     // imprime prompt de comando    
0831:  MOVLW  30
0832:  CLRF   05
0833:  MOVWF  04
0834:  MOVLW  80
0835:  MOVWF  05
0836:  CLRF   24
0837:  BTFSC  0B.7
0838:  BSF    24.7
0839:  BCF    0B.7
083A:  MOVLP  00
083B:  CALL   042
083C:  MOVLP  08
083D:  BTFSC  24.7
083E:  BSF    0B.7
083F:  MOVLW  20
0840:  MOVWF  05
0841:  MOVLW  16
0842:  MOVWF  04
0843:  CLRF   24
0844:  BTFSC  0B.7
0845:  BSF    24.7
0846:  BCF    0B.7
0847:  MOVLP  00
0848:  CALL   042
0849:  MOVLP  08
084A:  BTFSC  24.7
084B:  BSF    0B.7
084C:  MOVLW  3E
084D:  BTFSS  11.4
084E:  GOTO   04D
084F:  MOVLB  03
0850:  MOVWF  1A
0851:  MOVLW  20
0852:  MOVLB  00
0853:  BTFSS  11.4
0854:  GOTO   053
0855:  MOVLB  03
0856:  MOVWF  1A
0857:  MOVLP  00
0858:  MOVLB  00
0859:  GOTO   7E4 (RETURN)
....................     
.................... } 
....................  
.................... void lerPortaCom(int iPorta){ 
*
00D5:  BTFSS  11.5
00D6:  GOTO   0D5
00D7:  MOVLB  03
00D8:  MOVF   19,W
00D9:  MOVLB  00
00DA:  MOVWF  3C
....................  
....................  
....................    
....................    // printf(">>P0");  
....................     
....................   char cRX = getc();     // Recebe na porta Serial 
....................     
....................           if(cRX == '\\'){ 
00DB:  MOVF   3C,W
00DC:  SUBLW  5C
00DD:  BTFSC  03.2
....................           //  limpaLinhaRX();           // Limpa Var com Lina de ComRX 
....................             iDigNum = 0;              // Char indicativo inicio de linha-Com  
00DE:  CLRF   25
....................            // printf(">>P1\r\n");  
....................           }       
....................  
....................           if( (cRX != '\\')&&(cRX != ';') ){     // Se Char de Inicio e fim de linha, monta a linhaCo 
00DF:  MOVF   3C,W
00E0:  SUBLW  5C
00E1:  BTFSC  03.2
00E2:  GOTO   0F1
00E3:  MOVF   3C,W
00E4:  SUBLW  3B
00E5:  BTFSC  03.2
00E6:  GOTO   0F1
....................              // if(!isDigit(cRX)){ 
....................                // cRX = cRX & ~(0x20);            // Se NÃO for numero...char.toUppercase 
....................                   // printf(">>P2\r\n");  
....................               //} 
....................               cLinComRX[iDigNum] = cRX;       // Monta Linha 
00E7:  MOVLW  06
00E8:  ADDWF  25,W
00E9:  MOVWF  04
00EA:  MOVLW  20
00EB:  MOVWF  05
00EC:  BTFSC  03.0
00ED:  INCF   05,F
00EE:  MOVF   3C,W
00EF:  MOVWF  00
....................               iDigNum++;                      // Incrementa digto da linha 
00F0:  INCF   25,F
....................           } 
....................  
....................           if(cRX == ';'){                     // Se for fim de linha...imprime no lcd 
00F1:  MOVF   3C,W
00F2:  SUBLW  3B
00F3:  BTFSS  03.2
00F4:  GOTO   6B3
....................                  
....................               char cRxCmd = cMsgFail; 
00F5:  MOVLW  45
00F6:  MOVWF  3D
....................               bPrompt = true; 
00F7:  BSF    35.0
....................              // printf("\r\nL1: |%s| \r\n", cMyID);  
....................                // Rotina pra limitar tamanho do cmd digitado pelo usuário 
....................               if((iDigNum>3)&&(iDigNum<defTamLinRX)){   
00F8:  MOVF   25,W
00F9:  SUBLW  03
00FA:  BTFSC  03.0
00FB:  GOTO   678
00FC:  MOVF   25,W
00FD:  SUBLW  0E
00FE:  BTFSS  03.0
00FF:  GOTO   678
....................                      cRxCmd = Comando(cLinComRX);  
0100:  MOVLW  06
0101:  MOVWF  3E
*
0636:  MOVF   78,W
0637:  MOVLB  00
0638:  MOVWF  3D
....................                      if(bPrompt){             
0639:  BTFSS  35.0
063A:  GOTO   677
....................                            //limparBufferLinRX();        
....................                            
....................                            delay_ms(100); 
063B:  MOVLW  64
063C:  MOVWF  4F
063D:  CALL   0B0
....................                            bPrompt = false;                          // Bloqueia p/ evitar resposta repetida                 
063E:  BCF    35.0
....................                            printf("%s%c%c> %s", cCI, cMyID[0], cMyID[1], cRxCmd);   // prompt de comando     
063F:  MOVLW  30
0640:  CLRF   05
0641:  MOVWF  04
0642:  MOVLW  80
0643:  MOVWF  05
0644:  CALL   042
0645:  MOVF   36,W
0646:  BTFSS  11.4
0647:  GOTO   646
0648:  MOVLB  03
0649:  MOVWF  1A
064A:  MOVLB  00
064B:  MOVF   37,W
064C:  BTFSS  11.4
064D:  GOTO   64C
064E:  MOVLB  03
064F:  MOVWF  1A
0650:  MOVLW  3E
0651:  MOVLB  00
0652:  BTFSS  11.4
0653:  GOTO   652
0654:  MOVLB  03
0655:  MOVWF  1A
0656:  MOVLW  20
0657:  MOVLB  00
0658:  BTFSS  11.4
0659:  GOTO   658
065A:  MOVLB  03
065B:  MOVWF  1A
065C:  CLRF   05
065D:  MOVLB  00
065E:  MOVF   3D,W
065F:  MOVWF  04
0660:  CALL   042
....................                            
....................                            memset(cRxCmd,'\0',sizeof(cRxCmd)); 
0661:  CLRF   05
0662:  MOVF   3D,W
0663:  MOVWF  04
0664:  CLRF   77
0665:  MOVLW  01
0666:  MOVWF  78
0667:  CALL   0C6
....................                            memset (cLinComRX, '\0', sizeof(cLinComRX)); // \0 = '' 
0668:  MOVLW  20
0669:  MOVWF  05
066A:  MOVLW  06
066B:  MOVWF  04
066C:  CLRF   77
066D:  MOVLW  0F
066E:  MOVWF  78
066F:  CALL   0C6
....................                            memset(cRX,'\0',sizeof(cRX));  
0670:  CLRF   05
0671:  MOVF   3C,W
0672:  MOVWF  04
0673:  CLRF   77
0674:  MOVLW  01
0675:  MOVWF  78
0676:  CALL   0C6
....................                      } 
....................                      
....................               }else{ printf("\r\n%s%c%c# %s - e101\r\n", cCI, cMyID[0], cMyID[1], cMsgFail); } 
0677:  GOTO   6B3
0678:  MOVLW  0D
0679:  BTFSS  11.4
067A:  GOTO   679
067B:  MOVLB  03
067C:  MOVWF  1A
067D:  MOVLW  0A
067E:  MOVLB  00
067F:  BTFSS  11.4
0680:  GOTO   67F
0681:  MOVLB  03
0682:  MOVWF  1A
0683:  MOVLW  30
0684:  CLRF   05
0685:  MOVWF  04
0686:  MOVLW  80
0687:  MOVWF  05
0688:  MOVLB  00
0689:  CALL   042
068A:  MOVF   36,W
068B:  BTFSS  11.4
068C:  GOTO   68B
068D:  MOVLB  03
068E:  MOVWF  1A
068F:  MOVLB  00
0690:  MOVF   37,W
0691:  BTFSS  11.4
0692:  GOTO   691
0693:  MOVLB  03
0694:  MOVWF  1A
0695:  MOVLW  23
0696:  MOVLB  00
0697:  BTFSS  11.4
0698:  GOTO   697
0699:  MOVLB  03
069A:  MOVWF  1A
069B:  MOVLW  20
069C:  MOVLB  00
069D:  BTFSS  11.4
069E:  GOTO   69D
069F:  MOVLB  03
06A0:  MOVWF  1A
06A1:  MOVLW  34
06A2:  CLRF   05
06A3:  MOVWF  04
06A4:  MOVLW  80
06A5:  MOVWF  05
06A6:  MOVLB  00
06A7:  CALL   042
06A8:  MOVLW  BC
06A9:  MOVLB  03
06AA:  MOVWF  11
06AB:  MOVLW  06
06AC:  MOVWF  12
06AD:  BCF    03.0
06AE:  MOVLW  09
06AF:  MOVLB  02
06B0:  MOVWF  27
06B1:  MOVLB  00
06B2:  CALL   059
....................               
....................           } 
....................   
.................... } 
....................  
.................... char Comando(char xLinRX){ 
....................  
....................          const int iTmpLocal = 100;          
....................          char cRes[defTamLinRX] = "";//cMsgFail; // resposta default é NAK, não compreendido 
*
0102:  CLRF   3F
....................     
....................         // \SHxxx; Mostrar estado de:  
....................         if( (cLinComRX[0] == 'H')&&(cLinComRX[1] == 'E')&&(cLinComRX[2] == 'L')&&(cLinComRX[3] == 'P') ){ 
0103:  MOVF   26,W
0104:  SUBLW  48
0105:  BTFSS  03.2
0106:  GOTO   1E7
0107:  MOVF   27,W
0108:  SUBLW  45
0109:  BTFSS  03.2
010A:  GOTO   1E7
010B:  MOVF   28,W
010C:  SUBLW  4C
010D:  BTFSS  03.2
010E:  GOTO   1E7
010F:  MOVF   29,W
0110:  SUBLW  50
0111:  BTFSS  03.2
0112:  GOTO   1E7
....................                help();  // Lista comandos da library       
....................                  
....................         } 
*
01E5:  GOTO   632
01E6:  MOVLB  00
....................         //--------------------- Ini-Show -----------------------------------------------------------//  
....................         // \SHxxx; Mostrar estado de:  
....................         else if( (cLinComRX[0] == 'S')&&(cLinComRX[1] == 'H') ){ 
01E7:  MOVF   26,W
01E8:  SUBLW  53
01E9:  BTFSS  03.2
01EA:  GOTO   360
01EB:  MOVF   27,W
01EC:  SUBLW  48
01ED:  BTFSS  03.2
01EE:  GOTO   360
....................           // printf("\r\nSH1: |%c|%c|%c| \r\n", cMyID[1], cMyID[2], cMyID[2]);  
....................               // \ShAdr; Mostra endereço ID do MC 
....................               if( (cLinComRX[2] == 'A')&&(cLinComRX[3] == 'D')&&(cLinComRX[4] == 'R') ){                       
01EF:  MOVF   28,W
01F0:  SUBLW  41
01F1:  BTFSS  03.2
01F2:  GOTO   25A
01F3:  MOVF   29,W
01F4:  SUBLW  44
01F5:  BTFSS  03.2
01F6:  GOTO   25A
01F7:  MOVF   2A,W
01F8:  SUBLW  52
01F9:  BTFSS  03.2
01FA:  GOTO   25A
....................                  /* cRes[0] = 'S';  cRes[1] = 'H'; cRes[2] = 'A';  cRes[3] = 'D'; cRes[4] = 'R'; 
....................                     printf("\r\nID%c%c# ShADR", cMyID[1], cMyID[2]); // CHEGOU AKI - OK!              */ 
....................                     cRes[0] = cMyID[1]; cRes[1] = cMyID[2]; cRes[3] = ' '; cRes[4] = ' ';        // Usei tipo char pq cMyID estava dando erro: "var somente leitura" 
01FB:  MOVF   37,W
01FC:  MOVWF  3F
01FD:  MOVF   38,W
01FE:  MOVWF  40
01FF:  MOVLW  20
0200:  MOVWF  42
0201:  MOVWF  43
....................                     printf("\r\n%s%c%c# |%c|%c|\r\n", cCI, cMyID[1], cMyID[2],  cMyID[1], cMyID[2]);        // Devido sujeira no Buffer(não consegui limpar) tive de usar cMyID[1]...                  
0202:  MOVLW  0D
0203:  BTFSS  11.4
0204:  GOTO   203
0205:  MOVLB  03
0206:  MOVWF  1A
0207:  MOVLW  0A
0208:  MOVLB  00
0209:  BTFSS  11.4
020A:  GOTO   209
020B:  MOVLB  03
020C:  MOVWF  1A
020D:  MOVLW  30
020E:  CLRF   05
020F:  MOVWF  04
0210:  MOVLW  80
0211:  MOVWF  05
0212:  MOVLB  00
0213:  CALL   042
0214:  MOVF   37,W
0215:  BTFSS  11.4
0216:  GOTO   215
0217:  MOVLB  03
0218:  MOVWF  1A
0219:  MOVLB  00
021A:  MOVF   38,W
021B:  BTFSS  11.4
021C:  GOTO   21B
021D:  MOVLB  03
021E:  MOVWF  1A
021F:  MOVLW  23
0220:  MOVLB  00
0221:  BTFSS  11.4
0222:  GOTO   221
0223:  MOVLB  03
0224:  MOVWF  1A
0225:  MOVLW  20
0226:  MOVLB  00
0227:  BTFSS  11.4
0228:  GOTO   227
0229:  MOVLB  03
022A:  MOVWF  1A
022B:  MOVLW  7C
022C:  MOVLB  00
022D:  BTFSS  11.4
022E:  GOTO   22D
022F:  MOVLB  03
0230:  MOVWF  1A
0231:  MOVLB  00
0232:  MOVF   37,W
0233:  BTFSS  11.4
0234:  GOTO   233
0235:  MOVLB  03
0236:  MOVWF  1A
0237:  MOVLW  7C
0238:  MOVLB  00
0239:  BTFSS  11.4
023A:  GOTO   239
023B:  MOVLB  03
023C:  MOVWF  1A
023D:  MOVLB  00
023E:  MOVF   38,W
023F:  BTFSS  11.4
0240:  GOTO   23F
0241:  MOVLB  03
0242:  MOVWF  1A
0243:  MOVLW  7C
0244:  MOVLB  00
0245:  BTFSS  11.4
0246:  GOTO   245
0247:  MOVLB  03
0248:  MOVWF  1A
0249:  MOVLW  0D
024A:  MOVLB  00
024B:  BTFSS  11.4
024C:  GOTO   24B
024D:  MOVLB  03
024E:  MOVWF  1A
024F:  MOVLW  0A
0250:  MOVLB  00
0251:  BTFSS  11.4
0252:  GOTO   251
0253:  MOVLB  03
0254:  MOVWF  1A
....................                     delay_ms(iTmpLocal);   
0255:  MOVLW  64
0256:  MOVLB  00
0257:  MOVWF  4F
0258:  CALL   0B0
....................               }  
0259:  GOTO   35F
....................               // \ShMod; Mostra modelo do MC 
....................               else if( (cLinComRX[2] == 'H')&&(cLinComRX[3] == 'D')&&(cLinComRX[4] == 'W') ){                       
025A:  MOVF   28,W
025B:  SUBLW  48
025C:  BTFSS  03.2
025D:  GOTO   2B8
025E:  MOVF   29,W
025F:  SUBLW  44
0260:  BTFSS  03.2
0261:  GOTO   2B8
0262:  MOVF   2A,W
0263:  SUBLW  57
0264:  BTFSS  03.2
0265:  GOTO   2B8
....................                  /* cRes[0] = 'S';  cRes[1] = 'H'; cRes[2] = 'A';  cRes[3] = 'D'; cRes[4] = 'R'; 
....................                     printf("\r\nID%c%c# ShADR", cMyID[1], cMyID[2]); // CHEGOU AKI - OK!              */ 
....................                     cRes = cMod; 
0266:  CLRF   4F
0267:  CLRF   50
0268:  MOVLW  20
0269:  MOVWF  05
026A:  MOVLW  1F
026B:  MOVWF  04
026C:  MOVF   4F,W
026D:  ADDWF  04,F
026E:  MOVLW  00
026F:  ADDWFC 05,F
0270:  MOVF   50,W
0271:  CALL   021
0272:  MOVWF  00
0273:  IORLW  00
0274:  BTFSC  03.2
0275:  GOTO   279
0276:  INCF   50,F
0277:  INCF   4F,F
0278:  GOTO   268
....................                     //printf("\r\n%s%s# %s\r\n", cCI, cMyID, cRes);     
....................                     printf("\r\n%s%c%c# %s\r\n", cCI, cMyID[1], cMyID[2],  cRes);  
0279:  MOVLW  0D
027A:  BTFSS  11.4
027B:  GOTO   27A
027C:  MOVLB  03
027D:  MOVWF  1A
027E:  MOVLW  0A
027F:  MOVLB  00
0280:  BTFSS  11.4
0281:  GOTO   280
0282:  MOVLB  03
0283:  MOVWF  1A
0284:  MOVLW  30
0285:  CLRF   05
0286:  MOVWF  04
0287:  MOVLW  80
0288:  MOVWF  05
0289:  MOVLB  00
028A:  CALL   042
028B:  MOVF   37,W
028C:  BTFSS  11.4
028D:  GOTO   28C
028E:  MOVLB  03
028F:  MOVWF  1A
0290:  MOVLB  00
0291:  MOVF   38,W
0292:  BTFSS  11.4
0293:  GOTO   292
0294:  MOVLB  03
0295:  MOVWF  1A
0296:  MOVLW  23
0297:  MOVLB  00
0298:  BTFSS  11.4
0299:  GOTO   298
029A:  MOVLB  03
029B:  MOVWF  1A
029C:  MOVLW  20
029D:  MOVLB  00
029E:  BTFSS  11.4
029F:  GOTO   29E
02A0:  MOVLB  03
02A1:  MOVWF  1A
02A2:  MOVLW  20
02A3:  MOVWF  05
02A4:  MOVLW  1F
02A5:  MOVWF  04
02A6:  MOVLB  00
02A7:  CALL   042
02A8:  MOVLW  0D
02A9:  BTFSS  11.4
02AA:  GOTO   2A9
02AB:  MOVLB  03
02AC:  MOVWF  1A
02AD:  MOVLW  0A
02AE:  MOVLB  00
02AF:  BTFSS  11.4
02B0:  GOTO   2AF
02B1:  MOVLB  03
02B2:  MOVWF  1A
....................                     delay_ms(iTmpLocal);   
02B3:  MOVLW  64
02B4:  MOVLB  00
02B5:  MOVWF  4F
02B6:  CALL   0B0
....................               }  
02B7:  GOTO   35F
....................               // \ShBuf; Mostra o conteúdo da linha-Com RX 
....................               else if( (cLinComRX[2] == 'B')&&(cLinComRX[3] == 'U')&&(cLinComRX[4] == 'F') ){                       
02B8:  MOVF   28,W
02B9:  SUBLW  42
02BA:  BTFSS  03.2
02BB:  GOTO   324
02BC:  MOVF   29,W
02BD:  SUBLW  55
02BE:  BTFSS  03.2
02BF:  GOTO   324
02C0:  MOVF   2A,W
02C1:  SUBLW  46
02C2:  BTFSS  03.2
02C3:  GOTO   324
....................                      
....................                     for(int b=0; b<defTamLinRX; b++){ cRes[b] = cLinComRX[b]; }  // L~e conteudo da LinComRX                     
02C4:  CLRF   4E
02C5:  MOVF   4E,W
02C6:  SUBLW  0E
02C7:  BTFSS  03.0
02C8:  GOTO   2E5
02C9:  MOVLW  1F
02CA:  ADDWF  4E,W
02CB:  MOVWF  78
02CC:  MOVLW  20
02CD:  MOVWF  7A
02CE:  BTFSC  03.0
02CF:  INCF   7A,F
02D0:  MOVF   78,W
02D1:  MOVWF  4F
02D2:  MOVF   7A,W
02D3:  MOVWF  50
02D4:  MOVLW  06
02D5:  ADDWF  4E,W
02D6:  MOVWF  04
02D7:  MOVLW  20
02D8:  MOVWF  05
02D9:  BTFSC  03.0
02DA:  INCF   05,F
02DB:  MOVF   00,W
02DC:  MOVWF  51
02DD:  MOVF   50,W
02DE:  MOVWF  05
02DF:  MOVF   4F,W
02E0:  MOVWF  04
02E1:  MOVF   51,W
02E2:  MOVWF  00
02E3:  INCF   4E,F
02E4:  GOTO   2C5
....................                     printf("\r\n%s%c%c# %s\r\n", cCI, cMyID[1], cMyID[2],  cRes);                        
02E5:  MOVLW  0D
02E6:  BTFSS  11.4
02E7:  GOTO   2E6
02E8:  MOVLB  03
02E9:  MOVWF  1A
02EA:  MOVLW  0A
02EB:  MOVLB  00
02EC:  BTFSS  11.4
02ED:  GOTO   2EC
02EE:  MOVLB  03
02EF:  MOVWF  1A
02F0:  MOVLW  30
02F1:  CLRF   05
02F2:  MOVWF  04
02F3:  MOVLW  80
02F4:  MOVWF  05
02F5:  MOVLB  00
02F6:  CALL   042
02F7:  MOVF   37,W
02F8:  BTFSS  11.4
02F9:  GOTO   2F8
02FA:  MOVLB  03
02FB:  MOVWF  1A
02FC:  MOVLB  00
02FD:  MOVF   38,W
02FE:  BTFSS  11.4
02FF:  GOTO   2FE
0300:  MOVLB  03
0301:  MOVWF  1A
0302:  MOVLW  23
0303:  MOVLB  00
0304:  BTFSS  11.4
0305:  GOTO   304
0306:  MOVLB  03
0307:  MOVWF  1A
0308:  MOVLW  20
0309:  MOVLB  00
030A:  BTFSS  11.4
030B:  GOTO   30A
030C:  MOVLB  03
030D:  MOVWF  1A
030E:  MOVLW  20
030F:  MOVWF  05
0310:  MOVLW  1F
0311:  MOVWF  04
0312:  MOVLB  00
0313:  CALL   042
0314:  MOVLW  0D
0315:  BTFSS  11.4
0316:  GOTO   315
0317:  MOVLB  03
0318:  MOVWF  1A
0319:  MOVLW  0A
031A:  MOVLB  00
031B:  BTFSS  11.4
031C:  GOTO   31B
031D:  MOVLB  03
031E:  MOVWF  1A
....................                     delay_ms(iTmpLocal);   
031F:  MOVLW  64
0320:  MOVLB  00
0321:  MOVWF  4F
0322:  CALL   0B0
....................               }                 
0323:  GOTO   35F
....................               else{  printf("\r\n%s%c%c# %s - e106\r\n", cCI, cMyID[1], cMyID[2],  cMsgFail);     } 
0324:  MOVLW  0D
0325:  BTFSS  11.4
0326:  GOTO   325
0327:  MOVLB  03
0328:  MOVWF  1A
0329:  MOVLW  0A
032A:  MOVLB  00
032B:  BTFSS  11.4
032C:  GOTO   32B
032D:  MOVLB  03
032E:  MOVWF  1A
032F:  MOVLW  30
0330:  CLRF   05
0331:  MOVWF  04
0332:  MOVLW  80
0333:  MOVWF  05
0334:  MOVLB  00
0335:  CALL   042
0336:  MOVF   37,W
0337:  BTFSS  11.4
0338:  GOTO   337
0339:  MOVLB  03
033A:  MOVWF  1A
033B:  MOVLB  00
033C:  MOVF   38,W
033D:  BTFSS  11.4
033E:  GOTO   33D
033F:  MOVLB  03
0340:  MOVWF  1A
0341:  MOVLW  23
0342:  MOVLB  00
0343:  BTFSS  11.4
0344:  GOTO   343
0345:  MOVLB  03
0346:  MOVWF  1A
0347:  MOVLW  20
0348:  MOVLB  00
0349:  BTFSS  11.4
034A:  GOTO   349
034B:  MOVLB  03
034C:  MOVWF  1A
034D:  MOVLW  34
034E:  CLRF   05
034F:  MOVWF  04
0350:  MOVLW  80
0351:  MOVWF  05
0352:  MOVLB  00
0353:  CALL   042
0354:  MOVLW  C7
0355:  MOVLB  03
0356:  MOVWF  11
0357:  MOVLW  06
0358:  MOVWF  12
0359:  BCF    03.0
035A:  MOVLW  09
035B:  MOVLB  02
035C:  MOVWF  27
035D:  MOVLB  00
035E:  CALL   059
....................                
....................                
....................         }   // If(SH...)...show 
035F:  GOTO   631
....................         //--------------------- Fim-Show -----------------------------------------------------------//  
....................          
....................         // Comandos de config 
....................         // \ADRxxx; Config/Atribui um endereço ao MC 
....................         else if( (cMyID[1] == '0')&&(cMyID[2] == '0') || (cMyID="") ){ 
0360:  MOVF   37,W
0361:  SUBLW  30
0362:  BTFSS  03.2
0363:  GOTO   368
0364:  MOVF   38,W
0365:  SUBLW  30
0366:  BTFSC  03.2
0367:  GOTO   37E
0368:  CLRF   4F
0369:  CLRF   50
036A:  MOVLW  20
036B:  MOVWF  05
036C:  MOVLW  16
036D:  MOVWF  04
036E:  MOVF   4F,W
036F:  ADDWF  04,F
0370:  MOVLW  00
0371:  ADDWFC 05,F
0372:  MOVF   50,W
0373:  CALL   02A
0374:  MOVWF  00
0375:  IORLW  00
0376:  BTFSC  03.2
0377:  GOTO   37B
0378:  INCF   50,F
0379:  INCF   4F,F
037A:  GOTO   36A
037B:  XORLW  00
037C:  BTFSC  03.2
037D:  GOTO   428
....................         //printf("\r\nAD1: |%c|%c|%c| \r\n", cMyID[1], cMyID[2], cMyID[2]);  
....................               if( (cLinComRX[0] == 'A')&&(cLinComRX[1] == 'D')&&(cLinComRX[2] == 'R') ){ 
037E:  MOVF   26,W
037F:  SUBLW  41
0380:  BTFSS  03.2
0381:  GOTO   3EC
0382:  MOVF   27,W
0383:  SUBLW  44
0384:  BTFSS  03.2
0385:  GOTO   3EC
0386:  MOVF   28,W
0387:  SUBLW  52
0388:  BTFSS  03.2
0389:  GOTO   3EC
....................                    
....................                   cMyID=""; 
038A:  CLRF   4F
038B:  CLRF   50
038C:  MOVLW  20
038D:  MOVWF  05
038E:  MOVLW  16
038F:  MOVWF  04
0390:  MOVF   4F,W
0391:  ADDWF  04,F
0392:  MOVLW  00
0393:  ADDWFC 05,F
0394:  MOVF   50,W
0395:  CALL   02A
0396:  MOVWF  00
0397:  IORLW  00
0398:  BTFSC  03.2
0399:  GOTO   39D
039A:  INCF   50,F
039B:  INCF   4F,F
039C:  GOTO   38C
....................                   memset(cMyID,'\0', sizeof(cMyID));   // Limpar Buffer cMyID(\0 equivale a '', vazio) 
039D:  MOVLW  20
039E:  MOVWF  05
039F:  MOVLW  16
03A0:  MOVWF  04
03A1:  CLRF   77
03A2:  MOVLW  03
03A3:  MOVWF  78
03A4:  CALL   0C6
....................                   cMyID[1]=cLinComRX[3];  
03A5:  MOVF   29,W
03A6:  MOVWF  37
....................                   cMyID[2]=cLinComRX[4]; 
03A7:  MOVF   2A,W
03A8:  MOVWF  38
....................                   //cMyID[2]=cLinComRX[5]; 
....................                   
....................                    
....................                   cRes[0] = cMyID[1]; cRes[1] = cMyID[2]; //cRes[2] = cMyID[2];        // Usei tipo char pq cMyID estava dando erro: "var somente leitura" 
03A9:  MOVF   37,W
03AA:  MOVWF  3F
03AB:  MOVF   38,W
03AC:  MOVWF  40
....................                   //printf("\r\n%s%s# %s\r\n", cCI, cMyID, cRes);     
....................                   printf("\r\n%s%c%c# %s\r\n", cCI, cMyID[1], cMyID[2],  cRes);   // Limita show-MyID a 3 Dig 
03AD:  MOVLW  0D
03AE:  BTFSS  11.4
03AF:  GOTO   3AE
03B0:  MOVLB  03
03B1:  MOVWF  1A
03B2:  MOVLW  0A
03B3:  MOVLB  00
03B4:  BTFSS  11.4
03B5:  GOTO   3B4
03B6:  MOVLB  03
03B7:  MOVWF  1A
03B8:  MOVLW  30
03B9:  CLRF   05
03BA:  MOVWF  04
03BB:  MOVLW  80
03BC:  MOVWF  05
03BD:  MOVLB  00
03BE:  CALL   042
03BF:  MOVF   37,W
03C0:  BTFSS  11.4
03C1:  GOTO   3C0
03C2:  MOVLB  03
03C3:  MOVWF  1A
03C4:  MOVLB  00
03C5:  MOVF   38,W
03C6:  BTFSS  11.4
03C7:  GOTO   3C6
03C8:  MOVLB  03
03C9:  MOVWF  1A
03CA:  MOVLW  23
03CB:  MOVLB  00
03CC:  BTFSS  11.4
03CD:  GOTO   3CC
03CE:  MOVLB  03
03CF:  MOVWF  1A
03D0:  MOVLW  20
03D1:  MOVLB  00
03D2:  BTFSS  11.4
03D3:  GOTO   3D2
03D4:  MOVLB  03
03D5:  MOVWF  1A
03D6:  MOVLW  20
03D7:  MOVWF  05
03D8:  MOVLW  1F
03D9:  MOVWF  04
03DA:  MOVLB  00
03DB:  CALL   042
03DC:  MOVLW  0D
03DD:  BTFSS  11.4
03DE:  GOTO   3DD
03DF:  MOVLB  03
03E0:  MOVWF  1A
03E1:  MOVLW  0A
03E2:  MOVLB  00
03E3:  BTFSS  11.4
03E4:  GOTO   3E3
03E5:  MOVLB  03
03E6:  MOVWF  1A
....................                   delay_ms(iTmpLocal);   
03E7:  MOVLW  64
03E8:  MOVLB  00
03E9:  MOVWF  4F
03EA:  CALL   0B0
....................               }else{  printf("\r\n%s%c%c# %s - e107\r\n", cCI, cMyID[1], cMyID[2],  cMsgFail);     } 
03EB:  GOTO   427
03EC:  MOVLW  0D
03ED:  BTFSS  11.4
03EE:  GOTO   3ED
03EF:  MOVLB  03
03F0:  MOVWF  1A
03F1:  MOVLW  0A
03F2:  MOVLB  00
03F3:  BTFSS  11.4
03F4:  GOTO   3F3
03F5:  MOVLB  03
03F6:  MOVWF  1A
03F7:  MOVLW  30
03F8:  CLRF   05
03F9:  MOVWF  04
03FA:  MOVLW  80
03FB:  MOVWF  05
03FC:  MOVLB  00
03FD:  CALL   042
03FE:  MOVF   37,W
03FF:  BTFSS  11.4
0400:  GOTO   3FF
0401:  MOVLB  03
0402:  MOVWF  1A
0403:  MOVLB  00
0404:  MOVF   38,W
0405:  BTFSS  11.4
0406:  GOTO   405
0407:  MOVLB  03
0408:  MOVWF  1A
0409:  MOVLW  23
040A:  MOVLB  00
040B:  BTFSS  11.4
040C:  GOTO   40B
040D:  MOVLB  03
040E:  MOVWF  1A
040F:  MOVLW  20
0410:  MOVLB  00
0411:  BTFSS  11.4
0412:  GOTO   411
0413:  MOVLB  03
0414:  MOVWF  1A
0415:  MOVLW  34
0416:  CLRF   05
0417:  MOVWF  04
0418:  MOVLW  80
0419:  MOVWF  05
041A:  MOVLB  00
041B:  CALL   042
041C:  MOVLW  D2
041D:  MOVLB  03
041E:  MOVWF  11
041F:  MOVLW  06
0420:  MOVWF  12
0421:  BCF    03.0
0422:  MOVLW  09
0423:  MOVLB  02
0424:  MOVWF  27
0425:  MOVLB  00
0426:  CALL   059
....................             
....................           } 
0427:  GOTO   631
....................            
....................           // \AdrFxxx -  Config/Atribui um endereço ao MC de forma forçada - independe se é 000 
....................           else if( (cLinComRX[0] == 'A')&&(cLinComRX[1] == 'D')&&(cLinComRX[2] == 'R')&&(cLinComRX[3] == 'F') ){ 
0428:  MOVF   26,W
0429:  SUBLW  41
042A:  BTFSS  03.2
042B:  GOTO   47F
042C:  MOVF   27,W
042D:  SUBLW  44
042E:  BTFSS  03.2
042F:  GOTO   47F
0430:  MOVF   28,W
0431:  SUBLW  52
0432:  BTFSS  03.2
0433:  GOTO   47F
0434:  MOVF   29,W
0435:  SUBLW  46
0436:  BTFSS  03.2
0437:  GOTO   47F
....................                    
....................                   //cMyID=""; 
....................                   //memset(cMyID,'\0', sizeof(cMyID));   // Limpar Buffer cMyID(\0 equivale a '', vazio) 
....................                    
....................                   cMyID[1]=cLinComRX[4]; 
0438:  MOVF   2A,W
0439:  MOVWF  37
....................                   cMyID[2]=cLinComRX[5]; 
043A:  MOVF   2B,W
043B:  MOVWF  38
....................                  // cMyID = cLinComRX[4] + cLinComRX[5]; 
....................                   
....................                    
....................                   cRes[0] = cMyID[1]; cRes[1] = cMyID[2]; //cRes[2] = cMyID[2];        // Usei tipo char pq cMyID estava dando erro: "var somente leitura" 
043C:  MOVF   37,W
043D:  MOVWF  3F
043E:  MOVF   38,W
043F:  MOVWF  40
....................                   //printf("\r\n%s%s# %s\r\n", cCI, cMyID, cRes);     
....................                   printf("\r\n%s%c%c# %s\r\n", cCI, cMyID[1], cMyID[2],  cRes);   // Limita show-MyID a 3 Dig 
0440:  MOVLW  0D
0441:  BTFSS  11.4
0442:  GOTO   441
0443:  MOVLB  03
0444:  MOVWF  1A
0445:  MOVLW  0A
0446:  MOVLB  00
0447:  BTFSS  11.4
0448:  GOTO   447
0449:  MOVLB  03
044A:  MOVWF  1A
044B:  MOVLW  30
044C:  CLRF   05
044D:  MOVWF  04
044E:  MOVLW  80
044F:  MOVWF  05
0450:  MOVLB  00
0451:  CALL   042
0452:  MOVF   37,W
0453:  BTFSS  11.4
0454:  GOTO   453
0455:  MOVLB  03
0456:  MOVWF  1A
0457:  MOVLB  00
0458:  MOVF   38,W
0459:  BTFSS  11.4
045A:  GOTO   459
045B:  MOVLB  03
045C:  MOVWF  1A
045D:  MOVLW  23
045E:  MOVLB  00
045F:  BTFSS  11.4
0460:  GOTO   45F
0461:  MOVLB  03
0462:  MOVWF  1A
0463:  MOVLW  20
0464:  MOVLB  00
0465:  BTFSS  11.4
0466:  GOTO   465
0467:  MOVLB  03
0468:  MOVWF  1A
0469:  MOVLW  20
046A:  MOVWF  05
046B:  MOVLW  1F
046C:  MOVWF  04
046D:  MOVLB  00
046E:  CALL   042
046F:  MOVLW  0D
0470:  BTFSS  11.4
0471:  GOTO   470
0472:  MOVLB  03
0473:  MOVWF  1A
0474:  MOVLW  0A
0475:  MOVLB  00
0476:  BTFSS  11.4
0477:  GOTO   476
0478:  MOVLB  03
0479:  MOVWF  1A
....................                   delay_ms(iTmpLocal);   
047A:  MOVLW  64
047B:  MOVLB  00
047C:  MOVWF  4F
047D:  CALL   0B0
....................           } 
047E:  GOTO   631
....................             
....................             
....................              
....................           // \CLRxxx; Zerar um endereço ao MC 
....................           else if( (cLinComRX[0] == 'C')&&(cLinComRX[1] == 'L')&&(cLinComRX[2] == 'R')&&(cLinComRX[3] == cMyID[1])&&(cLinComRX[4] == cMyID[2]) ){ 
047F:  MOVF   26,W
0480:  SUBLW  43
0481:  BTFSS  03.2
0482:  GOTO   50B
0483:  MOVF   27,W
0484:  SUBLW  4C
0485:  BTFSS  03.2
0486:  GOTO   50B
0487:  MOVF   28,W
0488:  SUBLW  52
0489:  BTFSS  03.2
048A:  GOTO   50B
048B:  MOVF   37,W
048C:  SUBWF  29,W
048D:  BTFSS  03.2
048E:  GOTO   50B
048F:  MOVF   38,W
0490:  SUBWF  2A,W
0491:  BTFSS  03.2
0492:  GOTO   50B
....................           
....................                // if( (cLinComRX[3] == cMyID[1])&&(cLinComRX[4] == cMyID[2])&&(cLinComRX[5] == cMyID[2]) ){ 
....................                 // Zera endereço   
....................                      cMyID[1]='0';  
0493:  MOVLW  30
0494:  MOVWF  37
....................                      cMyID[2]='0'; 
0495:  MOVWF  38
....................                    //  cMyID[2]='0';  */ 
....................                 printf("\r\nP2: |%c|%c| \r\n", cMyID[1], cMyID[2]);  
0496:  MOVLW  D7
0497:  MOVLB  03
0498:  MOVWF  11
0499:  MOVLW  06
049A:  MOVWF  12
049B:  BCF    03.0
049C:  MOVLW  07
049D:  MOVLB  02
049E:  MOVWF  27
049F:  MOVLB  00
04A0:  CALL   059
04A1:  MOVF   37,W
04A2:  BTFSS  11.4
04A3:  GOTO   4A2
04A4:  MOVLB  03
04A5:  MOVWF  1A
04A6:  MOVLW  7C
04A7:  MOVLB  00
04A8:  BTFSS  11.4
04A9:  GOTO   4A8
04AA:  MOVLB  03
04AB:  MOVWF  1A
04AC:  MOVLB  00
04AD:  MOVF   38,W
04AE:  BTFSS  11.4
04AF:  GOTO   4AE
04B0:  MOVLB  03
04B1:  MOVWF  1A
04B2:  MOVLW  DD
04B3:  MOVWF  11
04B4:  MOVLW  06
04B5:  MOVWF  12
04B6:  BCF    03.0
04B7:  MOVLW  04
04B8:  MOVLB  02
04B9:  MOVWF  27
04BA:  MOVLB  00
04BB:  CALL   059
....................                  
....................                      cMyID="00"; 
04BC:  CLRF   4F
04BD:  CLRF   50
04BE:  MOVLW  20
04BF:  MOVWF  05
04C0:  MOVLW  16
04C1:  MOVWF  04
04C2:  MOVF   4F,W
04C3:  ADDWF  04,F
04C4:  MOVLW  00
04C5:  ADDWFC 05,F
04C6:  MOVF   50,W
04C7:  CALL   02C
04C8:  MOVWF  00
04C9:  IORLW  00
04CA:  BTFSC  03.2
04CB:  GOTO   4CF
04CC:  INCF   50,F
04CD:  INCF   4F,F
04CE:  GOTO   4BE
....................                      cRes[0] = cMyID[1]; cRes[1] = cMyID[2]; //cRes[2] = cMyID[2];        // Usei tipo char pq cMyID estava dando erro: "var somente leitura" 
04CF:  MOVF   37,W
04D0:  MOVWF  3F
04D1:  MOVF   38,W
04D2:  MOVWF  40
....................                      printf("\r\n%s%s# %s\r\n", cCI, cMyID, cRes);   
04D3:  MOVLW  0D
04D4:  BTFSS  11.4
04D5:  GOTO   4D4
04D6:  MOVLB  03
04D7:  MOVWF  1A
04D8:  MOVLW  0A
04D9:  MOVLB  00
04DA:  BTFSS  11.4
04DB:  GOTO   4DA
04DC:  MOVLB  03
04DD:  MOVWF  1A
04DE:  MOVLW  30
04DF:  CLRF   05
04E0:  MOVWF  04
04E1:  MOVLW  80
04E2:  MOVWF  05
04E3:  MOVLB  00
04E4:  CALL   042
04E5:  MOVLW  20
04E6:  MOVWF  05
04E7:  MOVLW  16
04E8:  MOVWF  04
04E9:  CALL   042
04EA:  MOVLW  23
04EB:  BTFSS  11.4
04EC:  GOTO   4EB
04ED:  MOVLB  03
04EE:  MOVWF  1A
04EF:  MOVLW  20
04F0:  MOVLB  00
04F1:  BTFSS  11.4
04F2:  GOTO   4F1
04F3:  MOVLB  03
04F4:  MOVWF  1A
04F5:  MOVLW  20
04F6:  MOVWF  05
04F7:  MOVLW  1F
04F8:  MOVWF  04
04F9:  MOVLB  00
04FA:  CALL   042
04FB:  MOVLW  0D
04FC:  BTFSS  11.4
04FD:  GOTO   4FC
04FE:  MOVLB  03
04FF:  MOVWF  1A
0500:  MOVLW  0A
0501:  MOVLB  00
0502:  BTFSS  11.4
0503:  GOTO   502
0504:  MOVLB  03
0505:  MOVWF  1A
....................                 /* 
....................                 // \ClrF; Zerar um endereço do MC forcado 
....................                 }else if( (cLinComRX[3] == 'F') ){ 
....................                    
....................                printf("\r\nP3: |%c|%c|%c| \r\n", cMyID[1], cMyID[2], cMyID[2]);  
....................                 
....................                      cMyID[1]='0';  
....................                      cMyID[2]='0'; 
....................                      cMyID[2]='0'; 
....................                      cRes[0] = cMyID[1]; cRes[1] = cMyID[2]; cRes[2] = cMyID[2];        // Usei tipo char pq cMyID estava dando erro: "var somente leitura" 
....................                      printf("\r\n%s%s# %s\r\n", cCI, cMyID, cRes);   
....................                  
....................                 }else{  printf("\r\n%s%c%c# %s - e108\r\n", cCI, cMyID[1], cMyID[2],  cMsgFail);    } 
....................                */       
....................                 delay_ms(iTmpLocal);   
0506:  MOVLW  64
0507:  MOVLB  00
0508:  MOVWF  4F
0509:  CALL   0B0
....................             } 
050A:  GOTO   631
....................  
....................            
....................             // \CLRxxx; Zerar um endereço ao MC 
....................           else if( (cLinComRX[0] == 'R')&&(cLinComRX[1] == 'S')&&(cLinComRX[2] == 'T') ){ 
050B:  MOVF   26,W
050C:  SUBLW  52
050D:  BTFSS  03.2
050E:  GOTO   5FD
050F:  MOVF   27,W
0510:  SUBLW  53
0511:  BTFSS  03.2
0512:  GOTO   5FD
0513:  MOVF   28,W
0514:  SUBLW  54
0515:  BTFSS  03.2
0516:  GOTO   5FD
....................            
....................                   printf("\r\n %c%c   \r\n", cMyID[1], cMyID[2]);  
0517:  MOVLW  0D
0518:  BTFSS  11.4
0519:  GOTO   518
051A:  MOVLB  03
051B:  MOVWF  1A
051C:  MOVLW  0A
051D:  MOVLB  00
051E:  BTFSS  11.4
051F:  GOTO   51E
0520:  MOVLB  03
0521:  MOVWF  1A
0522:  MOVLW  20
0523:  MOVLB  00
0524:  BTFSS  11.4
0525:  GOTO   524
0526:  MOVLB  03
0527:  MOVWF  1A
0528:  MOVLB  00
0529:  MOVF   37,W
052A:  BTFSS  11.4
052B:  GOTO   52A
052C:  MOVLB  03
052D:  MOVWF  1A
052E:  MOVLB  00
052F:  MOVF   38,W
0530:  BTFSS  11.4
0531:  GOTO   530
0532:  MOVLB  03
0533:  MOVWF  1A
0534:  MOVLW  E3
0535:  MOVWF  11
0536:  MOVLW  06
0537:  MOVWF  12
0538:  BSF    03.0
0539:  MOVLW  05
053A:  MOVLB  02
053B:  MOVWF  27
053C:  MOVLB  00
053D:  CALL   059
....................             
....................                 if( (cLinComRX[3] == cMyID[1])&&(cLinComRX[4] == cMyID[2]) ){ 
053E:  MOVF   37,W
053F:  SUBWF  29,W
0540:  BTFSS  03.2
0541:  GOTO   580
0542:  MOVF   38,W
0543:  SUBWF  2A,W
0544:  BTFSS  03.2
0545:  GOTO   580
....................                       
....................                      cRes[0] = cMyID[1]; cRes[1] = cMyID[2]; //cRes[2] = cMyID[2];        // Usei tipo char pq cMyID estava dando erro: "var somente leitura" 
0546:  MOVF   37,W
0547:  MOVWF  3F
0548:  MOVF   38,W
0549:  MOVWF  40
....................                      printf("\r\n%s%s# %s\r\n", cCI, cMyID, cRes);   
054A:  MOVLW  0D
054B:  BTFSS  11.4
054C:  GOTO   54B
054D:  MOVLB  03
054E:  MOVWF  1A
054F:  MOVLW  0A
0550:  MOVLB  00
0551:  BTFSS  11.4
0552:  GOTO   551
0553:  MOVLB  03
0554:  MOVWF  1A
0555:  MOVLW  30
0556:  CLRF   05
0557:  MOVWF  04
0558:  MOVLW  80
0559:  MOVWF  05
055A:  MOVLB  00
055B:  CALL   042
055C:  MOVLW  20
055D:  MOVWF  05
055E:  MOVLW  16
055F:  MOVWF  04
0560:  CALL   042
0561:  MOVLW  23
0562:  BTFSS  11.4
0563:  GOTO   562
0564:  MOVLB  03
0565:  MOVWF  1A
0566:  MOVLW  20
0567:  MOVLB  00
0568:  BTFSS  11.4
0569:  GOTO   568
056A:  MOVLB  03
056B:  MOVWF  1A
056C:  MOVLW  20
056D:  MOVWF  05
056E:  MOVLW  1F
056F:  MOVWF  04
0570:  MOVLB  00
0571:  CALL   042
0572:  MOVLW  0D
0573:  BTFSS  11.4
0574:  GOTO   573
0575:  MOVLB  03
0576:  MOVWF  1A
0577:  MOVLW  0A
0578:  MOVLB  00
0579:  BTFSS  11.4
057A:  GOTO   579
057B:  MOVLB  03
057C:  MOVWF  1A
....................                      reset(); 
057D:  MOVLB  00
057E:  CALL   0CE
....................                       
....................                 }else  if(cLinComRX[3] == 'F'){ 
057F:  GOTO   5F9
0580:  MOVF   29,W
0581:  SUBLW  46
0582:  BTFSS  03.2
0583:  GOTO   5BE
....................                       
....................                      cRes[0] = cMyID[1]; cRes[1] = cMyID[2];// cRes[2] = cMyID[2];        // Usei tipo char pq cMyID estava dando erro: "var somente leitura" 
0584:  MOVF   37,W
0585:  MOVWF  3F
0586:  MOVF   38,W
0587:  MOVWF  40
....................                      printf("\r\n%s%s# %s\r\n", cCI, cMyID, cRes);   
0588:  MOVLW  0D
0589:  BTFSS  11.4
058A:  GOTO   589
058B:  MOVLB  03
058C:  MOVWF  1A
058D:  MOVLW  0A
058E:  MOVLB  00
058F:  BTFSS  11.4
0590:  GOTO   58F
0591:  MOVLB  03
0592:  MOVWF  1A
0593:  MOVLW  30
0594:  CLRF   05
0595:  MOVWF  04
0596:  MOVLW  80
0597:  MOVWF  05
0598:  MOVLB  00
0599:  CALL   042
059A:  MOVLW  20
059B:  MOVWF  05
059C:  MOVLW  16
059D:  MOVWF  04
059E:  CALL   042
059F:  MOVLW  23
05A0:  BTFSS  11.4
05A1:  GOTO   5A0
05A2:  MOVLB  03
05A3:  MOVWF  1A
05A4:  MOVLW  20
05A5:  MOVLB  00
05A6:  BTFSS  11.4
05A7:  GOTO   5A6
05A8:  MOVLB  03
05A9:  MOVWF  1A
05AA:  MOVLW  20
05AB:  MOVWF  05
05AC:  MOVLW  1F
05AD:  MOVWF  04
05AE:  MOVLB  00
05AF:  CALL   042
05B0:  MOVLW  0D
05B1:  BTFSS  11.4
05B2:  GOTO   5B1
05B3:  MOVLB  03
05B4:  MOVWF  1A
05B5:  MOVLW  0A
05B6:  MOVLB  00
05B7:  BTFSS  11.4
05B8:  GOTO   5B7
05B9:  MOVLB  03
05BA:  MOVWF  1A
....................                      reset(); 
05BB:  MOVLB  00
05BC:  CALL   0CE
....................                     
....................                 }else{  printf("\r\n%s%c%c# %s- e110a\r\n", cCI, cMyID[1], cMyID[2],  cMsgFail);    } 
05BD:  GOTO   5F9
05BE:  MOVLW  0D
05BF:  BTFSS  11.4
05C0:  GOTO   5BF
05C1:  MOVLB  03
05C2:  MOVWF  1A
05C3:  MOVLW  0A
05C4:  MOVLB  00
05C5:  BTFSS  11.4
05C6:  GOTO   5C5
05C7:  MOVLB  03
05C8:  MOVWF  1A
05C9:  MOVLW  30
05CA:  CLRF   05
05CB:  MOVWF  04
05CC:  MOVLW  80
05CD:  MOVWF  05
05CE:  MOVLB  00
05CF:  CALL   042
05D0:  MOVF   37,W
05D1:  BTFSS  11.4
05D2:  GOTO   5D1
05D3:  MOVLB  03
05D4:  MOVWF  1A
05D5:  MOVLB  00
05D6:  MOVF   38,W
05D7:  BTFSS  11.4
05D8:  GOTO   5D7
05D9:  MOVLB  03
05DA:  MOVWF  1A
05DB:  MOVLW  23
05DC:  MOVLB  00
05DD:  BTFSS  11.4
05DE:  GOTO   5DD
05DF:  MOVLB  03
05E0:  MOVWF  1A
05E1:  MOVLW  20
05E2:  MOVLB  00
05E3:  BTFSS  11.4
05E4:  GOTO   5E3
05E5:  MOVLB  03
05E6:  MOVWF  1A
05E7:  MOVLW  34
05E8:  CLRF   05
05E9:  MOVWF  04
05EA:  MOVLW  80
05EB:  MOVWF  05
05EC:  MOVLB  00
05ED:  CALL   042
05EE:  MOVLW  ED
05EF:  MOVLB  03
05F0:  MOVWF  11
05F1:  MOVLW  06
05F2:  MOVWF  12
05F3:  BCF    03.0
05F4:  MOVLW  09
05F5:  MOVLB  02
05F6:  MOVWF  27
05F7:  MOVLB  00
05F8:  CALL   059
....................                       
....................                 delay_ms(iTmpLocal);   
05F9:  MOVLW  64
05FA:  MOVWF  4F
05FB:  CALL   0B0
....................           } 
05FC:  GOTO   631
....................            
....................           //else{  printf("\r\n%s%c%c# %s - e110b\r\n", cCI, cMyID[1], cMyID[2],  cMsgFail);    } 
....................           else{  printf("\r\n%s%s# %s - e110b\r\n", cCI, cMyID, cMsgFail);    } 
05FD:  MOVLW  0D
05FE:  BTFSS  11.4
05FF:  GOTO   5FE
0600:  MOVLB  03
0601:  MOVWF  1A
0602:  MOVLW  0A
0603:  MOVLB  00
0604:  BTFSS  11.4
0605:  GOTO   604
0606:  MOVLB  03
0607:  MOVWF  1A
0608:  MOVLW  30
0609:  CLRF   05
060A:  MOVWF  04
060B:  MOVLW  80
060C:  MOVWF  05
060D:  MOVLB  00
060E:  CALL   042
060F:  MOVLW  20
0610:  MOVWF  05
0611:  MOVLW  16
0612:  MOVWF  04
0613:  CALL   042
0614:  MOVLW  23
0615:  BTFSS  11.4
0616:  GOTO   615
0617:  MOVLB  03
0618:  MOVWF  1A
0619:  MOVLW  20
061A:  MOVLB  00
061B:  BTFSS  11.4
061C:  GOTO   61B
061D:  MOVLB  03
061E:  MOVWF  1A
061F:  MOVLW  34
0620:  CLRF   05
0621:  MOVWF  04
0622:  MOVLW  80
0623:  MOVWF  05
0624:  MOVLB  00
0625:  CALL   042
0626:  MOVLW  F7
0627:  MOVLB  03
0628:  MOVWF  11
0629:  MOVLW  06
062A:  MOVWF  12
062B:  BCF    03.0
062C:  MOVLW  0A
062D:  MOVLB  02
062E:  MOVWF  27
062F:  MOVLB  00
0630:  CALL   059
0631:  MOVLB  03
....................                
....................                
....................         return cRes; 
0632:  MOVLW  1F
0633:  MOVWF  78
0634:  MOVLW  20
0635:  MOVWF  79
....................  
.................... } 
....................  
.................... int PinAtmega328pToArduino(char sP){ 
....................     // Converte id-pinos Atmega328p p/ id-arduino 
....................  
....................     int iRes = 100;     // Default Retorna num.nulo  
....................  
....................     //         CI         ARDUINO             CI    
....................     // Pinos digitais   
....................     if(sP == "PB0"){ iRes = 8; }         //  14        
....................     else if(sP == "PB1"){ iRes = 9; }    //  15   
....................     else if(sP == "PB2"){ iRes = 10; }   //  16 
....................     else if(sP == "PB3"){ iRes = 11; }   //  17 
....................     else if(sP == "PB4"){ iRes = 12; }   //  18 
....................     else if(sP == "PB5"){ iRes = 13; }   //  19 
....................     else if(sP == "PB6"){ iRes = 101; }  //   9         Não disponivel no arduino 
....................     else if(sP == "PB7"){ iRes = 102; }  //  10         Não disponível no arduino 
....................  
....................     // Pinos Analógicos 
....................     else if(sP == "PC0"){ iRes = 14; }   //  23        A0 
....................     else if(sP == "PC1"){ iRes = 15; }   //  24        A1 
....................     else if(sP == "PC2"){ iRes = 16; }   //  25        A2 
....................     else if(sP == "PC3"){ iRes = 17; }   //  26        A3 
....................     else if(sP == "PC4"){ iRes = 18; }   //  27        A4 
....................     else if(sP == "PC5"){ iRes = 19; }   //  28        A5 
....................     else if(sP == "PC6"){ iRes = 1; }    //  01        A6  RESET      
....................     else if(sP == "PC7"){ iRes = 103; }  //            A7 
....................  
....................     else if(sP == "PD0"){ iRes = 0; }    //  02        RX 
....................     else if(sP == "PD1"){ iRes = 1; }    //  03        TX 
....................     else if(sP == "PD2"){ iRes = 2; }    //  04         
....................     else if(sP == "PD3"){ iRes = 3; }    //  05 
....................     else if(sP == "PD4"){ iRes = 4; }    //  06 
....................     else if(sP == "PD5"){ iRes = 5; }    //  11 
....................     else if(sP == "PD6"){ iRes = 6; }    //  12 
....................     else if(sP == "PD7"){ iRes = 7; }    //  13   
....................  
....................     else{ iRes = 100; } 
....................  
....................  
....................     return iRes; 
....................  
.................... } 
....................  
.................... char FuncaoPinAtmega328p(char sP){ 
....................     // Converte id-pinos Atmega328p p/ id-arduino 
....................  
....................     char sRes = "Null";     // Default Retorna num.nulo  
....................  
....................     //         CI         ARDUINO              CI    
....................     // Pinos digitais   
....................     if(sP == "PB0"){ sRes = "Btn"; }            //  14        
....................     else if(sP == "PB1"){ sRes = "Ctrl-RST"; }  //  15   
....................     else if(sP == "PB2"){ sRes = "NC"; }        //  16 
....................     else if(sP == "PB3"){ sRes = "LCD-RS"; }    //  17 
....................     else if(sP == "PB4"){ sRes = "LCD-EN"; }    //  18 
....................     else if(sP == "PB5"){ sRes = "NC"; }        //  19 
....................     else if(sP == "PB6"){ sRes = "NC"; }        //   9         Não disponivel no arduino 
....................     else if(sP == "PB7"){ sRes = "NC"; }        //  10         Não disponível no arduino 
....................  
....................     // Pinos Analógicos 
....................     else if(sP == "PC0"){ sRes = "NC"; }   //  23        A0 
....................     else if(sP == "PC1"){ sRes = "NC"; }   //  24        A1 
....................     else if(sP == "PC2"){ sRes = "NC"; }   //  25        A2 
....................     else if(sP == "PC3"){ sRes = "NC"; }   //  26        A3 
....................     else if(sP == "PC4"){ sRes = "NC"; }   //  27        A4 
....................     else if(sP == "PC5"){ sRes = "NC"; }   //  28        A5 
....................     else if(sP == "PC6"){ sRes = "RST"; }  //  01        A6  RESET      
....................     else if(sP == "PC7"){ sRes = "ND"; }   //            A7 
....................  
....................     else if(sP == "PD0"){ sRes = "RX"; }            //  02        RX 
....................     else if(sP == "PD1"){ sRes = "TX"; }            //  03        TX 
....................     else if(sP == "PD2"){ sRes = "EnBus-Loc"; }     //  04         
....................     else if(sP == "PD3"){ sRes = "EnBus-Rem"; }     //  05 
....................     else if(sP == "PD4"){ sRes = "LCD-D7"; }        //  06 
....................     else if(sP == "PD5"){ sRes = "LCD-D6"; }        //  11 
....................     else if(sP == "PD6"){ sRes = "LCD-D5"; }        //  12 
....................     else if(sP == "PD7"){ sRes = "LCD-D4"; }        //  13   
....................  
....................     else{ sRes = "Null"; } 
....................  
....................  
....................     return sRes; 
....................  
....................  
....................  
.................... } 
....................  
....................  
.................... void reset(){   
....................    output_low(pin_B0);  
*
00CE:  MOVLB  01
00CF:  BCF    0D.0
00D0:  MOVLB  02
00D1:  BCF    0D.0
00D2:  MOVLB  00
00D3:  RETURN
....................    //delay_ms(1000); 
....................    //output_high(pin_B0); 
.................... } 
....................  
....................  
.................... void fixarBUS(int iBus){ 
.................... // Ctrl BUS de TX/RX, Local ou Remoto   
....................  
....................     if(iBus == defBusLocal){  
*
080B:  MOVF   39,F
080C:  BTFSS  03.2
080D:  GOTO   019
....................         output_low(pin_B6);      // Pin(RB6) em Low habilita(Conecta) 74LS244 p/ conexão com Barramento - TX-Local Transmite 
080E:  MOVLB  01
080F:  BCF    0D.6
0810:  MOVLB  02
0811:  BCF    0D.6
....................         output_high(pin_B7);     // Pin(RB7) em high Desabilita(Abre) 74LS244 p/ conexão com Barramento - Abre-Bus TX Remoto 
0812:  MOVLB  01
0813:  BCF    0D.7
0814:  MOVLB  02
0815:  BSF    0D.7
....................         bBusLocalAtivo = true; 
0816:  MOVLB  00
0817:  BSF    35.1
....................     }else if(iBus == defBusRem){  
0818:  GOTO   030
0819:  DECFSZ 39,W
081A:  GOTO   026
....................         output_high(pin_B6);    // Pin(RB6) em high Desabilita(Abre) 74LS244 p/ conexão com Barramento - Abre-Bus TX Local 
081B:  MOVLB  01
081C:  BCF    0D.6
081D:  MOVLB  02
081E:  BSF    0D.6
....................         output_low(pin_B7);     // Pin(RB7) em Low habilita(Conecta) 74LS244 p/ conexão com Barramento - TX-Remoto Transmite 
081F:  MOVLB  01
0820:  BCF    0D.7
0821:  MOVLB  02
0822:  BCF    0D.7
....................         bBusLocalAtivo = false; 
0823:  MOVLB  00
0824:  BCF    35.1
....................     }else{ 
0825:  GOTO   030
....................         output_low(pin_B6);      // Pin(RB6) em Low habilita(Conecta) 74LS244 p/ conexão com Barramento - TX-Local Transmite 
0826:  MOVLB  01
0827:  BCF    0D.6
0828:  MOVLB  02
0829:  BCF    0D.6
....................         output_high(pin_B7);     // Pin(RB7) em high Desabilita(Abre) 74LS244 p/ conexão com Barramento - Abre-Bus TX Remoto 
082A:  MOVLB  01
082B:  BCF    0D.7
082C:  MOVLB  02
082D:  BSF    0D.7
....................          
....................         bBusLocalAtivo = true; 
082E:  MOVLB  00
082F:  BSF    35.1
....................     } 
....................  
....................  
.................... } 
....................  
.................... void help(){ 
....................  
.................... // Lista de comandos 
....................    char cHa[40]= "ShAdr, ShHdw, ShBuf,";  
*
0113:  MOVLW  53
0114:  MOVWF  4F
0115:  MOVLW  68
0116:  MOVWF  50
0117:  MOVLW  41
0118:  MOVWF  51
0119:  MOVLW  64
011A:  MOVWF  52
011B:  MOVLW  72
011C:  MOVWF  53
011D:  MOVLW  2C
011E:  MOVWF  54
011F:  MOVLW  20
0120:  MOVWF  55
0121:  MOVLW  53
0122:  MOVWF  56
0123:  MOVLW  68
0124:  MOVWF  57
0125:  MOVLW  48
0126:  MOVWF  58
0127:  MOVLW  64
0128:  MOVWF  59
0129:  MOVLW  77
012A:  MOVWF  5A
012B:  MOVLW  2C
012C:  MOVWF  5B
012D:  MOVLW  20
012E:  MOVWF  5C
012F:  MOVLW  53
0130:  MOVWF  5D
0131:  MOVLW  68
0132:  MOVWF  5E
0133:  MOVLW  42
0134:  MOVWF  5F
0135:  MOVLW  75
0136:  MOVWF  60
0137:  MOVLW  66
0138:  MOVWF  61
0139:  MOVLW  2C
013A:  MOVWF  62
013B:  CLRF   63
....................    char cHb[40]= "Adr456, AdrF456, Clr456, ClrF, Rst456"; 
013C:  MOVLW  41
013D:  MOVLB  01
013E:  MOVWF  27
013F:  MOVLW  64
0140:  MOVWF  28
0141:  MOVLW  72
0142:  MOVWF  29
0143:  MOVLW  34
0144:  MOVWF  2A
0145:  MOVLW  35
0146:  MOVWF  2B
0147:  MOVLW  36
0148:  MOVWF  2C
0149:  MOVLW  2C
014A:  MOVWF  2D
014B:  MOVLW  20
014C:  MOVWF  2E
014D:  MOVLW  41
014E:  MOVWF  2F
014F:  MOVLW  64
0150:  MOVWF  30
0151:  MOVLW  72
0152:  MOVWF  31
0153:  MOVLW  46
0154:  MOVWF  32
0155:  MOVLW  34
0156:  MOVWF  33
0157:  MOVLW  35
0158:  MOVWF  34
0159:  MOVLW  36
015A:  MOVWF  35
015B:  MOVLW  2C
015C:  MOVWF  36
015D:  MOVLW  20
015E:  MOVWF  37
015F:  MOVLW  43
0160:  MOVWF  38
0161:  MOVLW  6C
0162:  MOVWF  39
0163:  MOVLW  72
0164:  MOVWF  3A
0165:  MOVLW  34
0166:  MOVWF  3B
0167:  MOVLW  35
0168:  MOVWF  3C
0169:  MOVLW  36
016A:  MOVWF  3D
016B:  MOVLW  2C
016C:  MOVWF  3E
016D:  MOVLW  20
016E:  MOVWF  3F
016F:  MOVLW  43
0170:  MOVWF  40
0171:  MOVLW  6C
0172:  MOVWF  41
0173:  MOVLW  72
0174:  MOVWF  42
0175:  MOVLW  46
0176:  MOVWF  43
0177:  MOVLW  2C
0178:  MOVWF  44
0179:  MOVLW  20
017A:  MOVWF  45
017B:  MOVLW  52
017C:  MOVWF  46
017D:  MOVLW  73
017E:  MOVWF  47
017F:  MOVLW  74
0180:  MOVWF  48
0181:  MOVLW  34
0182:  MOVWF  49
0183:  MOVLW  35
0184:  MOVWF  4A
0185:  MOVLW  36
0186:  MOVWF  4B
0187:  CLRF   4C
....................    char cHc[40]= "RstF"; 
0188:  MOVLW  52
0189:  MOVWF  4F
018A:  MOVLW  73
018B:  MOVWF  50
018C:  MOVLW  74
018D:  MOVWF  51
018E:  MOVLW  46
018F:  MOVWF  52
0190:  CLRF   53
.................... /*   
....................    //printf("\r\n%s%s#\r\n", cCI, cMyID);   
....................    //for(int h=0; h<10; h++){   
....................   // for(int hc=0; hc<25; hc++){ */ 
....................       printf("\r\n%s%s# %s", cCI, cMyID, cHa); 
0191:  MOVLW  0D
0192:  MOVLB  00
0193:  BTFSS  11.4
0194:  GOTO   193
0195:  MOVLB  03
0196:  MOVWF  1A
0197:  MOVLW  0A
0198:  MOVLB  00
0199:  BTFSS  11.4
019A:  GOTO   199
019B:  MOVLB  03
019C:  MOVWF  1A
019D:  MOVLW  30
019E:  CLRF   05
019F:  MOVWF  04
01A0:  MOVLW  80
01A1:  MOVWF  05
01A2:  MOVLB  00
01A3:  CALL   042
01A4:  MOVLW  20
01A5:  MOVWF  05
01A6:  MOVLW  16
01A7:  MOVWF  04
01A8:  CALL   042
01A9:  MOVLW  23
01AA:  BTFSS  11.4
01AB:  GOTO   1AA
01AC:  MOVLB  03
01AD:  MOVWF  1A
01AE:  MOVLW  20
01AF:  MOVLB  00
01B0:  BTFSS  11.4
01B1:  GOTO   1B0
01B2:  MOVLB  03
01B3:  MOVWF  1A
01B4:  MOVLW  20
01B5:  MOVWF  05
01B6:  MOVLW  2F
01B7:  MOVWF  04
01B8:  MOVLB  00
01B9:  CALL   042
....................       printf("\n\r        %s", cHb); 
01BA:  MOVLW  BD
01BB:  MOVLB  03
01BC:  MOVWF  11
01BD:  MOVLW  07
01BE:  MOVWF  12
01BF:  BCF    03.0
01C0:  MOVLW  0A
01C1:  MOVLB  02
01C2:  MOVWF  27
01C3:  MOVLB  00
01C4:  CALL   059
01C5:  MOVLW  20
01C6:  MOVWF  05
01C7:  MOVLW  57
01C8:  MOVWF  04
01C9:  CALL   042
....................       printf("\n\r        %s\n\r", cHc); 
01CA:  MOVLW  C4
01CB:  MOVLB  03
01CC:  MOVWF  11
01CD:  MOVLW  07
01CE:  MOVWF  12
01CF:  BCF    03.0
01D0:  MOVLW  0A
01D1:  MOVLB  02
01D2:  MOVWF  27
01D3:  MOVLB  00
01D4:  CALL   059
01D5:  MOVLW  20
01D6:  MOVWF  05
01D7:  MOVLW  7F
01D8:  MOVWF  04
01D9:  CALL   042
01DA:  MOVLW  0A
01DB:  BTFSS  11.4
01DC:  GOTO   1DB
01DD:  MOVLB  03
01DE:  MOVWF  1A
01DF:  MOVLW  0D
01E0:  MOVLB  00
01E1:  BTFSS  11.4
01E2:  GOTO   1E1
01E3:  MOVLB  03
01E4:  MOVWF  1A
....................    //}} 
....................  
....................  
....................  
.................... } 
....................  
....................  

Configuration Fuses:
   Word  1: 3981   XT NOWDT PUT NOMCLR NOPROTECT NOCPD NOBROWNOUT NOCLKOUT IESO FCMEN
   Word  2: 1EFF   NOWRT PLL_SW STVREN BORV19 NODEBUG NOLVP
