CCS PCM C Compiler, Version 5.008, 5967               12-fev-22 11:33

               Filename:   C:\Users\oi298979\Documents\Proteus\PIC\Serial\Software2\main.lst

               ROM used:   182 words (4%)
                           Largest free fragment is 2048
               RAM used:   4 (1%) at main() level
                           22 (6%) worst case
               Stack used: 2 locations
               Stack size: 16

*
0000:  MOVLP  00
0001:  GOTO   0A0
0002:  NOP
.................... #include <main.h> 
.................... #include <16F1827.h> 
.................... //////// Standard Header file for the PIC16F1827 device //////////////// 
.................... #device PIC16F1827 
0003:  BRW
0004:  RETLW  28
0005:  RETLW  0C
0006:  RETLW  01
0007:  RETLW  06
....................  
.................... #list 
....................  
.................... #device ADC=16 
....................  
.................... #FUSES NOWDT                 	//No Watch Dog Timer 
.................... #FUSES NOBROWNOUT            	//No brownout reset 
.................... #FUSES NOIESO                	//Internal External Switch Over mode disabled 
.................... #FUSES NOFCMEN               	//Fail-safe clock monitor disabled 
.................... #FUSES NOSTVREN              	//Stack full/underflow will not cause reset 
.................... #FUSES NOLVP                 	//No low voltage prgming, B3(PIC16) or B5(PIC18) used for I/O 
....................  
.................... #use delay(internal=4MHz) 
0008:  MOVLW  20
0009:  MOVWF  05
000A:  MOVLW  02
000B:  MOVWF  04
000C:  MOVF   00,W
000D:  BTFSC  03.2
000E:  GOTO   01D
000F:  MOVLW  01
0010:  MOVWF  78
0011:  CLRF   77
0012:  DECFSZ 77,F
0013:  GOTO   012
0014:  DECFSZ 78,F
0015:  GOTO   011
0016:  MOVLW  4A
0017:  MOVWF  77
0018:  DECFSZ 77,F
0019:  GOTO   018
001A:  GOTO   01B
001B:  DECFSZ 00,F
001C:  GOTO   00F
001D:  RETURN
.................... #use rs232(baud=9600,parity=N,xmit=PIN_B2,rcv=PIN_B1,bits=8,stream=PORT1) 
....................  
....................  
....................  
.................... #include <lcd.c> 
.................... /////////////////////////////////////////////////////////////////////////////// 
.................... ////                             LCD.C                                     //// 
.................... ////                 Driver for common LCD modules                         //// 
.................... ////                                                                       //// 
.................... ////  lcd_init()   Must be called before any other function.               //// 
.................... ////                                                                       //// 
.................... ////  lcd_putc(c)  Will display c on the next position of the LCD.         //// 
.................... ////                 \a  Set cursor position to upper left                 //// 
.................... ////                 \f  Clear display, set cursor to upper left           //// 
.................... ////                 \n  Go to start of second line                        //// 
.................... ////                 \b  Move back one position                            //// 
.................... ////              If LCD_EXTENDED_NEWLINE is defined, the \n character     //// 
.................... ////              will erase all remanining characters on the current      //// 
.................... ////              line, and move the cursor to the beginning of the next   //// 
.................... ////              line.                                                    //// 
.................... ////              If LCD_EXTENDED_NEWLINE is defined, the \r character     //// 
.................... ////              will move the cursor to the start of the current         //// 
.................... ////              line.                                                    //// 
.................... ////                                                                       //// 
.................... ////  lcd_gotoxy(x,y) Set write position on LCD (upper left is 1,1)        //// 
.................... ////                                                                       //// 
.................... ////  lcd_getc(x,y)   Returns character at position x,y on LCD             //// 
.................... ////                                                                       //// 
.................... ////  lcd_cursor_on(int1 on)   Turn the cursor on (on=TRUE) or off         //// 
.................... ////              (on=FALSE).                                              //// 
.................... ////                                                                       //// 
.................... ////  lcd_set_cgram_char(w, *p)   Write a custom character to the CGRAM.   //// 
.................... ////                                                                       //// 
.................... ////                                                                       //// 
.................... ////  CONFIGURATION                                                        //// 
.................... ////  The LCD can be configured in one of two ways: a.) port access or     //// 
.................... ////  b.) pin access.  Port access requires the entire 7 bit interface     //// 
.................... ////  connected to one GPIO port, and the data bits (D4:D7 of the LCD)     //// 
.................... ////  connected to sequential pins on the GPIO.  Pin access                //// 
.................... ////  has no requirements, all 7 bits of the control interface can         //// 
.................... ////  can be connected to any GPIO using several ports.                    //// 
.................... ////                                                                       //// 
.................... ////  To use port access, #define LCD_DATA_PORT to the SFR location of     //// 
.................... ////  of the GPIO port that holds the interface, -AND- edit LCD_PIN_MAP    //// 
.................... ////  of this file to configure the pin order.  If you are using a         //// 
.................... ////  baseline PIC (PCB), then LCD_OUTPUT_MAP and LCD_INPUT_MAP also must  //// 
.................... ////  be defined.                                                          //// 
.................... ////                                                                       //// 
.................... ////  Example of port access:                                              //// 
.................... ////     #define LCD_DATA_PORT getenv("SFR:PORTD")                         //// 
.................... ////                                                                       //// 
.................... ////  To use pin access, the following pins must be defined:               //// 
.................... ////     LCD_ENABLE_PIN                                                    //// 
.................... ////     LCD_RS_PIN                                                        //// 
.................... ////     LCD_RW_PIN                                                        //// 
.................... ////     LCD_DATA4                                                         //// 
.................... ////     LCD_DATA5                                                         //// 
.................... ////     LCD_DATA6                                                         //// 
.................... ////     LCD_DATA7                                                         //// 
.................... ////                                                                       //// 
.................... ////  Example of pin access:                                               //// 
.................... ////     #define LCD_ENABLE_PIN  PIN_E0                                    //// 
.................... ////     #define LCD_RS_PIN      PIN_E1                                    //// 
.................... ////     #define LCD_RW_PIN      PIN_E2                                    //// 
.................... ////     #define LCD_DATA4       PIN_D4                                    //// 
.................... ////     #define LCD_DATA5       PIN_D5                                    //// 
.................... ////     #define LCD_DATA6       PIN_D6                                    //// 
.................... ////     #define LCD_DATA7       PIN_D7                                    //// 
.................... ////                                                                       //// 
.................... /////////////////////////////////////////////////////////////////////////////// 
.................... ////        (C) Copyright 1996,2010 Custom Computer Services           //// 
.................... //// This source code may only be used by licensed users of the CCS C  //// 
.................... //// compiler.  This source code may only be distributed to other      //// 
.................... //// licensed users of the CCS C compiler.  No other use, reproduction //// 
.................... //// or distribution is permitted without written permission.          //// 
.................... //// Derivative programs created using this software in object code    //// 
.................... //// form are not restricted in any way.                               //// 
.................... /////////////////////////////////////////////////////////////////////////// 
....................  
.................... #ifndef __LCD_C__ 
.................... #define __LCD_C__ 
....................  
.................... // define the pinout. 
.................... // only required if port access is being used. 
.................... typedef struct   
.................... {                            // This structure is overlayed 
....................    int1 enable;           // on to an I/O port to gain 
....................    int1 rs;               // access to the LCD pins. 
....................    int1 rw;               // The bits are allocated from 
....................    int1 unused;           // low order up.  ENABLE will 
....................    unsigned int     data : 4;         // be LSB pin of that port. 
....................   #if defined(__PCD__)       // The port used will be LCD_DATA_PORT. 
....................    unsigned int    reserved: 8; 
....................   #endif 
.................... } LCD_PIN_MAP; 
....................  
.................... // this is to improve compatability with previous LCD drivers that accepted 
.................... // a define labeled 'use_portb_lcd' that configured the LCD onto port B. 
.................... #if ((defined(use_portb_lcd)) && (use_portb_lcd==TRUE)) 
....................  #define LCD_DATA_PORT getenv("SFR:PORTB") 
.................... #endif 
....................  
.................... #if defined(__PCB__) 
....................    // these definitions only need to be modified for baseline PICs. 
....................    // all other PICs use LCD_PIN_MAP or individual LCD_xxx pin definitions. 
.................... /*                                    EN, RS,   RW,   UNUSED,  DATA  */ 
....................  const LCD_PIN_MAP LCD_OUTPUT_MAP =  {0,  0,    0,    0,       0}; 
....................  const LCD_PIN_MAP LCD_INPUT_MAP =   {0,  0,    0,    0,       0xF}; 
.................... #endif 
....................  
.................... ////////////////////// END CONFIGURATION /////////////////////////////////// 
....................  
.................... #ifndef LCD_ENABLE_PIN 
....................    #define lcd_output_enable(x) lcdlat.enable=x 
....................    #define lcd_enable_tris()   lcdtris.enable=0 
.................... #else 
....................    #define lcd_output_enable(x) output_bit(LCD_ENABLE_PIN, x) 
....................    #define lcd_enable_tris()  output_drive(LCD_ENABLE_PIN) 
.................... #endif 
....................  
.................... #ifndef LCD_RS_PIN 
....................    #define lcd_output_rs(x) lcdlat.rs=x 
....................    #define lcd_rs_tris()   lcdtris.rs=0 
.................... #else 
....................    #define lcd_output_rs(x) output_bit(LCD_RS_PIN, x) 
....................    #define lcd_rs_tris()  output_drive(LCD_RS_PIN) 
.................... #endif 
....................  
.................... #ifndef LCD_RW_PIN 
....................    #define lcd_output_rw(x) lcdlat.rw=x 
....................    #define lcd_rw_tris()   lcdtris.rw=0 
.................... #else 
....................    #define lcd_output_rw(x) output_bit(LCD_RW_PIN, x) 
....................    #define lcd_rw_tris()  output_drive(LCD_RW_PIN) 
.................... #endif 
....................  
.................... // original version of this library incorrectly labeled LCD_DATA0 as LCD_DATA4, 
.................... // LCD_DATA1 as LCD_DATA5, and so on.  this block of code makes the driver 
.................... // compatible with any code written for the original library 
.................... #if (defined(LCD_DATA0) && defined(LCD_DATA1) && defined(LCD_DATA2) && defined(LCD_DATA3) && !defined(LCD_DATA4) && !defined(LCD_DATA5) && !defined(LCD_DATA6) && !defined(LCD_DATA7)) 
....................    #define  LCD_DATA4    LCD_DATA0 
....................    #define  LCD_DATA5    LCD_DATA1 
....................    #define  LCD_DATA6    LCD_DATA2 
....................    #define  LCD_DATA7    LCD_DATA3 
.................... #endif 
....................  
.................... #ifndef LCD_DATA4 
.................... #ifndef LCD_DATA_PORT 
....................    #if defined(__PCB__) 
....................       #define LCD_DATA_PORT      0x06     //portb 
....................       #define set_tris_lcd(x)   set_tris_b(x) 
....................    #else 
....................      #if defined(PIN_D0) 
....................       #define LCD_DATA_PORT      getenv("SFR:PORTD")     //portd 
....................      #else 
....................       #define LCD_DATA_PORT      getenv("SFR:PORTB")     //portb 
....................      #endif 
....................    #endif    
.................... #endif 
....................  
.................... #if defined(__PCB__) 
....................    LCD_PIN_MAP lcd, lcdlat; 
....................    #byte lcd = LCD_DATA_PORT 
....................    #byte lcdlat = LCD_DATA_PORT 
.................... #elif defined(__PCM__) 
....................    LCD_PIN_MAP lcd, lcdlat, lcdtris; 
....................    #byte lcd = LCD_DATA_PORT 
....................    #byte lcdlat = LCD_DATA_PORT 
....................    #byte lcdtris = LCD_DATA_PORT+0x80 
.................... #elif defined(__PCH__) 
....................    LCD_PIN_MAP lcd, lcdlat, lcdtris; 
....................    #byte lcd = LCD_DATA_PORT 
....................    #byte lcdlat = LCD_DATA_PORT+9 
....................    #byte lcdtris = LCD_DATA_PORT+0x12 
.................... #elif defined(__PCD__) 
....................    LCD_PIN_MAP lcd, lcdlat, lcdtris; 
....................    #word lcd = LCD_DATA_PORT 
....................    #word lcdlat = LCD_DATA_PORT+2 
....................    #word lcdtris = LCD_DATA_PORT-0x02 
.................... #endif 
.................... #endif   //LCD_DATA4 not defined 
....................  
.................... #ifndef LCD_TYPE 
....................    #define LCD_TYPE 2           // 0=5x7, 1=5x10, 2=2 lines 
.................... #endif 
....................  
.................... #ifndef LCD_LINE_TWO 
....................    #define LCD_LINE_TWO 0x40    // LCD RAM address for the second line 
.................... #endif 
....................  
.................... #ifndef LCD_LINE_LENGTH 
....................    #define LCD_LINE_LENGTH 20 
.................... #endif 
....................  
.................... unsigned int8 const LCD_INIT_STRING[4] = {0x20 | (LCD_TYPE << 2), 0xc, 1, 6}; 
....................                              // These bytes need to be sent to the LCD 
....................                              // to start it up. 
....................  
.................... unsigned int8 lcd_read_nibble(void); 
....................  
.................... unsigned int8 lcd_read_byte(void) 
.................... { 
....................    unsigned int8 low,high; 
....................  
....................  #if defined(__PCB__) 
....................    set_tris_lcd(LCD_INPUT_MAP); 
....................  #else 
....................   #if (defined(LCD_DATA4) && defined(LCD_DATA5) && defined(LCD_DATA6) && defined(LCD_DATA7)) 
....................    output_float(LCD_DATA4); 
....................    output_float(LCD_DATA5); 
....................    output_float(LCD_DATA6); 
....................    output_float(LCD_DATA7); 
....................   #else 
....................    lcdtris.data = 0xF; 
*
0063:  MOVLW  0F
0064:  MOVLB  01
0065:  ANDWF  0D,W
0066:  IORLW  F0
0067:  MOVWF  0D
....................   #endif 
....................  #endif 
....................          
....................    lcd_output_rw(1); 
0068:  MOVLB  00
0069:  BSF    0D.2
....................    delay_cycles(1); 
006A:  NOP
....................    lcd_output_enable(1); 
006B:  BSF    0D.0
....................    delay_cycles(1); 
006C:  NOP
....................    high = lcd_read_nibble(); 
006D:  CALL   02A
006E:  MOVF   78,W
006F:  MOVWF  26
....................        
....................    lcd_output_enable(0); 
0070:  BCF    0D.0
....................    delay_cycles(1); 
0071:  NOP
....................    lcd_output_enable(1); 
0072:  BSF    0D.0
....................    delay_us(1); 
0073:  NOP
....................    low = lcd_read_nibble(); 
0074:  CALL   02A
0075:  MOVF   78,W
0076:  MOVWF  25
....................        
....................    lcd_output_enable(0); 
0077:  BCF    0D.0
....................  
....................  #if defined(__PCB__) 
....................    set_tris_lcd(LCD_OUTPUT_MAP); 
....................  #else 
....................   #if (defined(LCD_DATA4) && defined(LCD_DATA5) && defined(LCD_DATA6) && defined(LCD_DATA7)) 
....................    output_drive(LCD_DATA4); 
....................    output_drive(LCD_DATA5); 
....................    output_drive(LCD_DATA6); 
....................    output_drive(LCD_DATA7); 
....................   #else 
....................    lcdtris.data = 0x0; 
0078:  MOVLW  0F
0079:  MOVLB  01
007A:  ANDWF  0D,W
007B:  MOVWF  0D
....................   #endif 
....................  #endif 
....................  
....................    return( (high<<4) | low); 
007C:  MOVLB  00
007D:  SWAPF  26,W
007E:  MOVWF  77
007F:  MOVLW  F0
0080:  ANDWF  77,F
0081:  MOVF   77,W
0082:  IORWF  25,W
0083:  MOVWF  78
.................... } 
....................  
.................... unsigned int8 lcd_read_nibble(void) 
.................... { 
....................   #if (defined(LCD_DATA4) && defined(LCD_DATA5) && defined(LCD_DATA6) && defined(LCD_DATA7)) 
....................    unsigned int8 n = 0x00; 
....................  
....................    /* Read the data port */ 
....................    n |= input(LCD_DATA4); 
....................    n |= input(LCD_DATA5) << 1; 
....................    n |= input(LCD_DATA6) << 2; 
....................    n |= input(LCD_DATA7) << 3; 
....................     
....................    return(n); 
....................   #else 
....................    return(lcd.data); 
*
002A:  MOVF   0D,W
002B:  MOVWF  77
002C:  SWAPF  0D,W
002D:  ANDLW  0F
002E:  MOVWF  78
....................   #endif 
002F:  RETURN
.................... } 
....................  
.................... void lcd_send_nibble(unsigned int8 n) 
.................... { 
....................   #if (defined(LCD_DATA4) && defined(LCD_DATA5) && defined(LCD_DATA6) && defined(LCD_DATA7)) 
....................    /* Write to the data port */ 
....................    output_bit(LCD_DATA4, bit_test(n, 0)); 
....................    output_bit(LCD_DATA5, bit_test(n, 1)); 
....................    output_bit(LCD_DATA6, bit_test(n, 2)); 
....................    output_bit(LCD_DATA7, bit_test(n, 3)); 
....................   #else       
....................    lcdlat.data = n; 
*
001E:  SWAPF  26,W
001F:  ANDLW  F0
0020:  MOVWF  77
0021:  MOVLW  0F
0022:  ANDWF  0D,W
0023:  IORWF  77,W
0024:  MOVWF  0D
....................   #endif 
....................        
....................    delay_cycles(1); 
0025:  NOP
....................    lcd_output_enable(1); 
0026:  BSF    0D.0
....................    delay_us(2); 
0027:  GOTO   028
....................    lcd_output_enable(0); 
0028:  BCF    0D.0
0029:  RETURN
.................... } 
....................  
.................... void lcd_send_byte(unsigned int8 address, unsigned int8 n) 
.................... { 
....................   #if defined(__PCB__) 
....................    set_tris_lcd(LCD_OUTPUT_MAP); 
....................   #else 
....................    lcd_enable_tris(); 
*
005D:  MOVLB  01
005E:  BCF    0D.0
....................    lcd_rs_tris(); 
005F:  BCF    0D.1
....................    lcd_rw_tris(); 
0060:  BCF    0D.2
....................   #endif 
....................  
....................    lcd_output_rs(0); 
0061:  MOVLB  00
0062:  BCF    0D.1
....................    while ( bit_test(lcd_read_byte(),7) ) ; 
*
0084:  MOVF   78,W
0085:  MOVWF  25
0086:  BTFSC  25.7
0087:  GOTO   063
....................    lcd_output_rs(address); 
0088:  BTFSS  23.0
0089:  BCF    0D.1
008A:  BTFSC  23.0
008B:  BSF    0D.1
....................    delay_cycles(1); 
008C:  NOP
....................    lcd_output_rw(0); 
008D:  BCF    0D.2
....................    delay_cycles(1); 
008E:  NOP
....................    lcd_output_enable(0); 
008F:  BCF    0D.0
....................    lcd_send_nibble(n >> 4); 
0090:  SWAPF  24,W
0091:  MOVWF  25
0092:  MOVLW  0F
0093:  ANDWF  25,F
0094:  MOVF   25,W
0095:  MOVWF  26
0096:  CALL   01E
....................    lcd_send_nibble(n & 0xf); 
0097:  MOVF   24,W
0098:  ANDLW  0F
0099:  MOVWF  25
009A:  MOVWF  26
009B:  CALL   01E
.................... } 
....................  
.................... #if defined(LCD_EXTENDED_NEWLINE) 
.................... unsigned int8 g_LcdX, g_LcdY; 
.................... #endif 
....................  
.................... void lcd_init(void)  
.................... { 
....................    unsigned int8 i; 
....................  
....................  #if defined(__PCB__) 
....................    set_tris_lcd(LCD_OUTPUT_MAP); 
....................  #else 
....................   #if (defined(LCD_DATA4) && defined(LCD_DATA5) && defined(LCD_DATA6) && defined(LCD_DATA7)) 
....................    output_drive(LCD_DATA4); 
....................    output_drive(LCD_DATA5); 
....................    output_drive(LCD_DATA6); 
....................    output_drive(LCD_DATA7); 
....................   #else 
....................    lcdtris.data = 0x0; 
*
0030:  MOVLW  0F
0031:  MOVLB  01
0032:  ANDWF  0D,W
0033:  MOVWF  0D
....................   #endif 
....................    lcd_enable_tris(); 
0034:  BCF    0D.0
....................    lcd_rs_tris(); 
0035:  BCF    0D.1
....................    lcd_rw_tris(); 
0036:  BCF    0D.2
....................  #endif 
....................  
....................    lcd_output_rs(0); 
0037:  MOVLB  00
0038:  BCF    0D.1
....................    lcd_output_rw(0); 
0039:  BCF    0D.2
....................    lcd_output_enable(0); 
003A:  BCF    0D.0
....................      
....................    delay_ms(15); 
003B:  MOVLW  0F
003C:  MOVWF  22
003D:  CALL   008
....................    for(i=1;i<=3;++i) 
003E:  MOVLW  01
003F:  MOVWF  21
0040:  MOVF   21,W
0041:  SUBLW  03
0042:  BTFSS  03.0
0043:  GOTO   04C
....................    { 
....................        lcd_send_nibble(3); 
0044:  MOVLW  03
0045:  MOVWF  26
0046:  CALL   01E
....................        delay_ms(5); 
0047:  MOVLW  05
0048:  MOVWF  22
0049:  CALL   008
004A:  INCF   21,F
004B:  GOTO   040
....................    } 
....................     
....................    lcd_send_nibble(2); 
004C:  MOVLW  02
004D:  MOVWF  26
004E:  CALL   01E
....................    delay_ms(5); 
004F:  MOVLW  05
0050:  MOVWF  22
0051:  CALL   008
....................    for(i=0;i<=3;++i) 
0052:  CLRF   21
0053:  MOVF   21,W
0054:  SUBLW  03
0055:  BTFSS  03.0
0056:  GOTO   09E
....................       lcd_send_byte(0,LCD_INIT_STRING[i]); 
0057:  MOVF   21,W
0058:  CALL   003
0059:  MOVWF  22
005A:  CLRF   23
005B:  MOVF   22,W
005C:  MOVWF  24
....................  
....................   #if defined(LCD_EXTENDED_NEWLINE) 
*
009C:  INCF   21,F
009D:  GOTO   053
009E:  MOVLP  00
009F:  GOTO   0B4 (RETURN)
....................    g_LcdX = 0; 
....................    g_LcdY = 0; 
....................   #endif 
.................... } 
....................  
.................... void lcd_gotoxy(unsigned int8 x, unsigned int8 y) 
.................... { 
....................    unsigned int8 address; 
....................     
....................    if(y!=1) 
....................       address=LCD_LINE_TWO; 
....................    else 
....................       address=0; 
....................       
....................    address+=x-1; 
....................    lcd_send_byte(0,0x80|address); 
....................  
....................   #if defined(LCD_EXTENDED_NEWLINE) 
....................    g_LcdX = x - 1; 
....................    g_LcdY = y - 1; 
....................   #endif 
.................... } 
....................  
.................... void lcd_putc(char c) 
.................... { 
....................    switch (c) 
....................    { 
....................       case '\a'   :  lcd_gotoxy(1,1);     break; 
....................  
....................       case '\f'   :  lcd_send_byte(0,1); 
....................                      delay_ms(2); 
....................                     #if defined(LCD_EXTENDED_NEWLINE) 
....................                      g_LcdX = 0; 
....................                      g_LcdY = 0; 
....................                     #endif 
....................                      break; 
....................  
....................      #if defined(LCD_EXTENDED_NEWLINE) 
....................       case '\r'   :  lcd_gotoxy(1, g_LcdY+1);   break; 
....................       case '\n'   : 
....................          while (g_LcdX++ < LCD_LINE_LENGTH) 
....................          { 
....................             lcd_send_byte(1, ' '); 
....................          } 
....................          lcd_gotoxy(1, g_LcdY+2); 
....................          break; 
....................      #else 
....................       case '\n'   : lcd_gotoxy(1,2);        break; 
....................      #endif 
....................       
....................       case '\b'   : lcd_send_byte(0,0x10);  break; 
....................       
....................      #if defined(LCD_EXTENDED_NEWLINE) 
....................       default     :  
....................          if (g_LcdX < LCD_LINE_LENGTH) 
....................          { 
....................             lcd_send_byte(1, c); 
....................             g_LcdX++; 
....................          } 
....................          break; 
....................      #else 
....................       default     : lcd_send_byte(1,c);     break; 
....................      #endif 
....................    } 
.................... } 
....................   
.................... char lcd_getc(unsigned int8 x, unsigned int8 y) 
.................... { 
....................    char value; 
....................  
....................    lcd_gotoxy(x,y); 
....................    while ( bit_test(lcd_read_byte(),7) ); // wait until busy flag is low 
....................    lcd_output_rs(1); 
....................    value = lcd_read_byte(); 
....................    lcd_output_rs(0); 
....................     
....................    return(value); 
.................... } 
....................  
.................... // write a custom character to the ram 
.................... // which is 0-7 and specifies which character array we are modifying. 
.................... // ptr points to an array of 8 bytes, where each byte is the next row of 
.................... //    pixels.  only bits 0-4 are used.  the last row is the cursor row, and 
.................... //    usually you will want to leave this byte 0x00. 
.................... void lcd_set_cgram_char(unsigned int8 which, unsigned int8 *ptr) 
.................... { 
....................    unsigned int i; 
....................  
....................    which <<= 3; 
....................    which &= 0x38; 
....................  
....................    lcd_send_byte(0, 0x40 | which);  //set cgram address 
....................  
....................    for(i=0; i<8; i++) 
....................    { 
....................       lcd_send_byte(1, *ptr++); 
....................    } 
....................    
....................    #if defined(LCD_EXTENDED_NEWLINE) 
....................     lcd_gotoxy(g_LcdX+1, g_LcdY+1);  //set ddram address 
....................    #endif 
.................... } 
....................  
.................... void lcd_cursor_on(int1 on) 
.................... { 
....................    if (on) 
....................    { 
....................       lcd_send_byte(0,0x0F);           //turn LCD cursor ON 
....................    } 
....................    else 
....................    { 
....................       lcd_send_byte(0,0x0C);           //turn LCD cursor OFF 
....................    } 
.................... } 
....................  
.................... #endif 
....................  
....................  
.................... void main() 
00A0:  MOVLW  6A
00A1:  MOVLB  01
00A2:  MOVWF  19
00A3:  MOVLB  03
00A4:  BCF    1F.3
00A5:  MOVLW  19
00A6:  MOVWF  1B
00A7:  MOVLW  A6
00A8:  MOVWF  1E
00A9:  MOVLW  90
00AA:  MOVWF  1D
00AB:  CLRF   0C
00AC:  CLRF   0D
00AD:  MOVLB  02
00AE:  CLRF   12
00AF:  CLRF   11
00B0:  CLRF   14
00B1:  CLRF   13
.................... { 
....................  
....................    lcd_init(); 
00B2:  MOVLB  00
00B3:  GOTO   030
....................  
.................... 	while(TRUE) 
.................... 	{ 
00B4:  GOTO   0B4
.................... 		//TODO: User Code 
.................... 	} 
....................  
.................... } 
00B5:  SLEEP

Configuration Fuses:
   Word  1: 09C4   INTRC_IO NOWDT PUT MCLR NOPROTECT NOCPD NOBROWNOUT NOCLKOUT NOIESO NOFCMEN
   Word  2: 1CFF   NOWRT PLL_SW NOSTVREN BORV19 NODEBUG NOLVP
