CCS PCM C Compiler, Version 5.008, 5967               29-set-21 16:30

               Filename:   C:\Users\oi298979\Documents\Proteus\Esteira\software\main.lst

               ROM used:   1088 words (27%)
                           Largest free fragment is 2048
               RAM used:   32 (8%) at main() level
                           67 (17%) worst case
               Stack used: 5 locations
               Stack size: 16

*
0000:  MOVLP  00
0001:  GOTO   2FF
0002:  NOP
.................... /* 
....................    Calculos 
....................       ---------------------------------------------------------   
....................       Divisor de tensão 
....................          R1 = [ (R2 / Vo).Vi ] - R2 
....................          Vo = +5Vcc 
....................          Vi = +48Vcc 
....................           
....................          R1 ao +Vcc 
....................          Centro - saída da medição 
....................          R2 ao GND 
....................       ---------------------------------------------------------     
....................       Freq. do PWM 
....................           
....................          setup_timer_2(T2_DIV_BY_1, 255, 16);   // = 3906,3 Hz - (..,16) não muda 
....................        
....................          Freq = { 1[ (PR2+1).4.(1/Clock) ] } / T2_DIV_BY 
....................              
....................             PR2(1a255) 
....................             Clock(do osc do PIC - 4Mhz) 
....................             T2_DIV_BY(1, 4 ou 16) 
....................     
.................... */ 
.................... #include <main.h> 
.................... #include <16F1827.h> 
.................... //////// Standard Header file for the PIC16F1827 device //////////////// 
.................... #device PIC16F1827 
0003:  BRW
0004:  RETLW  28
0005:  RETLW  0C
0006:  RETLW  01
0007:  RETLW  06
0008:  DATA 0C,10
0009:  DATA D6,37
000A:  DATA 6C,3A
000B:  DATA E9,36
000C:  DATA 65,3A
000D:  DATA F2,37
000E:  DATA 20,28
000F:  DATA C9,21
0010:  DATA 00,00
0011:  DATA 0C,10
0012:  DATA 25,36
0013:  DATA 75,10
0014:  DATA D6,31
0015:  DATA 63,10
0016:  DATA 2D,10
0017:  DATA 25,36
0018:  DATA 75,10
0019:  DATA 25,36
001A:  DATA 75,10
001B:  DATA 25,36
001C:  DATA 75,10
001D:  DATA 8A,06
001E:  DATA A0,12
001F:  DATA EC,3A
0020:  DATA 28,22
0021:  DATA 75,3A
0022:  DATA F9,14
0023:  DATA 00,00
*
0111:  MOVF   0B,W
0112:  MOVWF  41
0113:  BCF    0B.7
0114:  MOVLB  03
0115:  BSF    15.7
0116:  BSF    15.0
0117:  NOP
0118:  NOP
0119:  MOVF   13,W
011A:  ANDLW  7F
011B:  BTFSC  03.2
011C:  GOTO   152
011D:  MOVLB  00
011E:  MOVWF  42
011F:  MOVLB  03
0120:  MOVF   11,W
0121:  MOVLB  00
0122:  MOVWF  43
0123:  MOVLB  03
0124:  MOVF   12,W
0125:  MOVLB  00
0126:  MOVWF  44
0127:  MOVF   42,W
0128:  MOVWF  4A
0129:  CALL   0E5
012A:  MOVF   43,W
012B:  MOVLB  03
012C:  MOVWF  11
012D:  MOVLB  00
012E:  MOVF   44,W
012F:  MOVLB  03
0130:  MOVWF  12
0131:  BSF    15.7
0132:  BSF    15.0
0133:  NOP
0134:  NOP
0135:  RLF    13,W
0136:  RLF    14,W
0137:  ANDLW  7F
0138:  BTFSC  03.2
0139:  GOTO   152
013A:  MOVLB  00
013B:  MOVWF  42
013C:  MOVLB  03
013D:  MOVF   11,W
013E:  MOVLB  00
013F:  MOVWF  43
0140:  MOVLB  03
0141:  MOVF   12,W
0142:  MOVLB  00
0143:  MOVWF  44
0144:  MOVF   42,W
0145:  MOVWF  4A
0146:  CALL   0E5
0147:  MOVF   43,W
0148:  MOVLB  03
0149:  MOVWF  11
014A:  MOVLB  00
014B:  MOVF   44,W
014C:  MOVLB  03
014D:  MOVWF  12
014E:  INCF   11,F
014F:  BTFSC  03.2
0150:  INCF   12,F
0151:  GOTO   115
0152:  MOVLB  00
0153:  BTFSC  41.7
0154:  BSF    0B.7
0155:  MOVLP  00
0156:  GOTO   35D (RETURN)
*
0176:  CLRF   78
0177:  CLRF   79
0178:  CLRF   77
0179:  CLRF   7A
017A:  MOVF   49,W
017B:  BTFSS  03.2
017C:  GOTO   180
017D:  MOVF   48,W
017E:  BTFSC  03.2
017F:  GOTO   19A
0180:  MOVLW  10
0181:  MOVWF  4A
0182:  BCF    03.0
0183:  RLF    46,F
0184:  RLF    47,F
0185:  RLF    77,F
0186:  RLF    7A,F
0187:  MOVF   49,W
0188:  SUBWF  7A,W
0189:  BTFSS  03.2
018A:  GOTO   18D
018B:  MOVF   48,W
018C:  SUBWF  77,W
018D:  BTFSS  03.0
018E:  GOTO   196
018F:  MOVF   48,W
0190:  SUBWF  77,F
0191:  BTFSS  03.0
0192:  DECF   7A,F
0193:  MOVF   49,W
0194:  SUBWF  7A,F
0195:  BSF    03.0
0196:  RLF    78,F
0197:  RLF    79,F
0198:  DECFSZ 4A,F
0199:  GOTO   182
019A:  RETURN
*
01C2:  MOVLW  10
01C3:  MOVWF  47
01C4:  CLRF   77
01C5:  CLRF   7A
01C6:  RRF    44,F
01C7:  RRF    43,F
01C8:  BTFSS  03.0
01C9:  GOTO   1D0
01CA:  MOVF   45,W
01CB:  ADDWF  77,F
01CC:  BTFSC  03.0
01CD:  INCF   7A,F
01CE:  MOVF   46,W
01CF:  ADDWF  7A,F
01D0:  RRF    7A,F
01D1:  RRF    77,F
01D2:  RRF    79,F
01D3:  RRF    78,F
01D4:  DECFSZ 47,F
01D5:  GOTO   1C6
*
0222:  MOVLW  8E
0223:  MOVWF  77
0224:  MOVF   44,W
0225:  MOVWF  78
0226:  MOVF   43,W
0227:  MOVWF  79
0228:  CLRF   7A
0229:  MOVF   78,F
022A:  BTFSS  03.2
022B:  GOTO   236
022C:  MOVF   79,W
022D:  MOVWF  78
022E:  CLRF   79
022F:  MOVLW  08
0230:  SUBWF  77,F
0231:  MOVF   78,F
0232:  BTFSS  03.2
0233:  GOTO   236
0234:  CLRF   77
0235:  GOTO   23E
0236:  BCF    03.0
0237:  BTFSC  78.7
0238:  GOTO   23D
0239:  RLF    79,F
023A:  RLF    78,F
023B:  DECF   77,F
023C:  GOTO   236
023D:  BCF    78.7
*
0254:  MOVF   05,W
0255:  MOVWF  49
0256:  MOVF   04,W
0257:  MOVWF  48
0258:  SWAPF  42,W
0259:  IORLW  F0
025A:  MOVWF  44
025B:  ADDWF  44,F
025C:  ADDLW  E2
025D:  MOVWF  45
025E:  ADDLW  32
025F:  MOVWF  47
0260:  MOVF   42,W
0261:  ANDLW  0F
0262:  ADDWF  45,F
0263:  ADDWF  45,F
0264:  ADDWF  47,F
0265:  ADDLW  E9
0266:  MOVWF  46
0267:  ADDWF  46,F
0268:  ADDWF  46,F
0269:  SWAPF  41,W
026A:  ANDLW  0F
026B:  ADDWF  46,F
026C:  ADDWF  47,F
026D:  RLF    46,F
026E:  RLF    47,F
026F:  COMF   47,F
0270:  RLF    47,F
0271:  MOVF   41,W
0272:  ANDLW  0F
0273:  ADDWF  47,F
0274:  RLF    44,F
0275:  MOVLW  07
0276:  MOVWF  43
0277:  MOVLW  0A
0278:  ADDWF  47,F
0279:  DECF   46,F
027A:  BTFSS  03.0
027B:  GOTO   278
027C:  ADDWF  46,F
027D:  DECF   45,F
027E:  BTFSS  03.0
027F:  GOTO   27C
0280:  ADDWF  45,F
0281:  DECF   44,F
0282:  BTFSS  03.0
0283:  GOTO   280
0284:  ADDWF  44,F
0285:  DECF   43,F
0286:  BTFSS  03.0
0287:  GOTO   284
0288:  CLRF   05
0289:  MOVLW  43
028A:  MOVWF  04
028B:  MOVLW  07
028C:  ANDWF  48,W
028D:  BCF    48.6
028E:  ADDWF  04,F
028F:  MOVLW  47
0290:  SUBWF  04,W
0291:  BTFSC  03.2
0292:  BSF    48.6
0293:  MOVF   00,W
0294:  MOVWF  77
0295:  BTFSS  03.2
0296:  GOTO   29F
0297:  BTFSC  48.6
0298:  GOTO   29F
0299:  BTFSC  48.4
029A:  GOTO   2AE
029B:  BTFSC  48.3
029C:  GOTO   29F
029D:  MOVLW  20
029E:  GOTO   2A2
029F:  BSF    48.3
02A0:  BCF    48.4
02A1:  MOVLW  30
02A2:  ADDWF  77,F
02A3:  MOVF   05,W
02A4:  MOVWF  42
02A5:  MOVF   04,W
02A6:  MOVWF  41
02A7:  MOVF   77,W
02A8:  MOVWF  4A
02A9:  CALL   0E5
02AA:  MOVF   42,W
02AB:  MOVWF  05
02AC:  MOVF   41,W
02AD:  MOVWF  04
02AE:  ADDFSR 01,FSR0
02AF:  BTFSS  48.6
02B0:  GOTO   28F
02B1:  RETURN
02B2:  MOVF   0B,W
02B3:  MOVWF  42
02B4:  BCF    0B.7
02B5:  MOVLB  03
02B6:  BSF    15.7
02B7:  BSF    15.0
02B8:  NOP
02B9:  NOP
02BA:  BTFSC  03.0
02BB:  GOTO   2DE
02BC:  MOVF   13,W
02BD:  ANDLW  7F
02BE:  MOVLB  00
02BF:  MOVWF  43
02C0:  MOVLB  03
02C1:  MOVF   11,W
02C2:  MOVLB  00
02C3:  MOVWF  44
02C4:  MOVLB  03
02C5:  MOVF   12,W
02C6:  MOVLB  00
02C7:  MOVWF  45
02C8:  MOVF   43,W
02C9:  MOVWF  4A
02CA:  CALL   0E5
02CB:  MOVF   44,W
02CC:  MOVLB  03
02CD:  MOVWF  11
02CE:  MOVLB  00
02CF:  MOVF   45,W
02D0:  MOVLB  03
02D1:  MOVWF  12
02D2:  BSF    15.7
02D3:  BSF    15.0
02D4:  NOP
02D5:  NOP
02D6:  MOVLB  00
02D7:  DECFSZ 41,F
02D8:  GOTO   2DA
02D9:  GOTO   2DC
02DA:  MOVLB  03
02DB:  GOTO   2DE
02DC:  GOTO   2FC
02DD:  MOVLB  03
02DE:  RLF    13,W
02DF:  RLF    14,W
02E0:  ANDLW  7F
02E1:  MOVLB  00
02E2:  MOVWF  43
02E3:  MOVLB  03
02E4:  MOVF   11,W
02E5:  MOVLB  00
02E6:  MOVWF  44
02E7:  MOVLB  03
02E8:  MOVF   12,W
02E9:  MOVLB  00
02EA:  MOVWF  45
02EB:  MOVF   43,W
02EC:  MOVWF  4A
02ED:  CALL   0E5
02EE:  MOVF   44,W
02EF:  MOVLB  03
02F0:  MOVWF  11
02F1:  MOVLB  00
02F2:  MOVF   45,W
02F3:  MOVLB  03
02F4:  MOVWF  12
02F5:  INCF   11,F
02F6:  BTFSC  03.2
02F7:  INCF   12,F
02F8:  BCF    03.0
02F9:  MOVLB  00
02FA:  DECFSZ 41,F
02FB:  GOTO   2B5
02FC:  BTFSC  42.7
02FD:  BSF    0B.7
02FE:  RETURN
....................  
.................... #list 
....................  
.................... #device ADC=10 
....................  
.................... #FUSES NOWDT                 	//No Watch Dog Timer 
.................... #FUSES NOMCLR                	//Master Clear pin used for I/O 
.................... #FUSES NOBROWNOUT            	//No brownout reset 
.................... #FUSES NOLVP                 	//No low voltage prgming, B3(PIC16) or B5(PIC18) used for I/O 
....................  
.................... #use delay(internal=4MHz) 
*
0039:  MOVLW  20
003A:  MOVWF  05
003B:  MOVLW  2B
003C:  MOVWF  04
003D:  MOVF   00,W
003E:  BTFSC  03.2
003F:  GOTO   04E
0040:  MOVLW  01
0041:  MOVWF  78
0042:  CLRF   77
0043:  DECFSZ 77,F
0044:  GOTO   043
0045:  DECFSZ 78,F
0046:  GOTO   042
0047:  MOVLW  4A
0048:  MOVWF  77
0049:  DECFSZ 77,F
004A:  GOTO   049
004B:  GOTO   04C
004C:  DECFSZ 00,F
004D:  GOTO   040
004E:  RETURN
....................  
....................  
.................... #include <lcd.c> 
.................... /////////////////////////////////////////////////////////////////////////////// 
.................... ////                             LCD.C                                     //// 
.................... ////                 Driver for common LCD modules                         //// 
.................... ////                                                                       //// 
.................... ////  lcd_init()   Must be called before any other function.               //// 
.................... ////                                                                       //// 
.................... ////  lcd_putc(c)  Will display c on the next position of the LCD.         //// 
.................... ////                 \a  Set cursor position to upper left                 //// 
.................... ////                 \f  Clear display, set cursor to upper left           //// 
.................... ////                 \n  Go to start of second line                        //// 
.................... ////                 \b  Move back one position                            //// 
.................... ////              If LCD_EXTENDED_NEWLINE is defined, the \n character     //// 
.................... ////              will erase all remanining characters on the current      //// 
.................... ////              line, and move the cursor to the beginning of the next   //// 
.................... ////              line.                                                    //// 
.................... ////              If LCD_EXTENDED_NEWLINE is defined, the \r character     //// 
.................... ////              will move the cursor to the start of the current         //// 
.................... ////              line.                                                    //// 
.................... ////                                                                       //// 
.................... ////  lcd_gotoxy(x,y) Set write position on LCD (upper left is 1,1)        //// 
.................... ////                                                                       //// 
.................... ////  lcd_getc(x,y)   Returns character at position x,y on LCD             //// 
.................... ////                                                                       //// 
.................... ////  lcd_cursor_on(int1 on)   Turn the cursor on (on=TRUE) or off         //// 
.................... ////              (on=FALSE).                                              //// 
.................... ////                                                                       //// 
.................... ////  lcd_set_cgram_char(w, *p)   Write a custom character to the CGRAM.   //// 
.................... ////                                                                       //// 
.................... ////                                                                       //// 
.................... ////  CONFIGURATION                                                        //// 
.................... ////  The LCD can be configured in one of two ways: a.) port access or     //// 
.................... ////  b.) pin access.  Port access requires the entire 7 bit interface     //// 
.................... ////  connected to one GPIO port, and the data bits (D4:D7 of the LCD)     //// 
.................... ////  connected to sequential pins on the GPIO.  Pin access                //// 
.................... ////  has no requirements, all 7 bits of the control interface can         //// 
.................... ////  can be connected to any GPIO using several ports.                    //// 
.................... ////                                                                       //// 
.................... ////  To use port access, #define LCD_DATA_PORT to the SFR location of     //// 
.................... ////  of the GPIO port that holds the interface, -AND- edit LCD_PIN_MAP    //// 
.................... ////  of this file to configure the pin order.  If you are using a         //// 
.................... ////  baseline PIC (PCB), then LCD_OUTPUT_MAP and LCD_INPUT_MAP also must  //// 
.................... ////  be defined.                                                          //// 
.................... ////                                                                       //// 
.................... ////  Example of port access:                                              //// 
.................... ////     #define LCD_DATA_PORT getenv("SFR:PORTD")                         //// 
.................... ////                                                                       //// 
.................... ////  To use pin access, the following pins must be defined:               //// 
.................... ////     LCD_ENABLE_PIN                                                    //// 
.................... ////     LCD_RS_PIN                                                        //// 
.................... ////     LCD_RW_PIN                                                        //// 
.................... ////     LCD_DATA4                                                         //// 
.................... ////     LCD_DATA5                                                         //// 
.................... ////     LCD_DATA6                                                         //// 
.................... ////     LCD_DATA7                                                         //// 
.................... ////                                                                       //// 
.................... ////  Example of pin access:                                               //// 
.................... ////     #define LCD_ENABLE_PIN  PIN_E0                                    //// 
.................... ////     #define LCD_RS_PIN      PIN_E1                                    //// 
.................... ////     #define LCD_RW_PIN      PIN_E2                                    //// 
.................... ////     #define LCD_DATA4       PIN_D4                                    //// 
.................... ////     #define LCD_DATA5       PIN_D5                                    //// 
.................... ////     #define LCD_DATA6       PIN_D6                                    //// 
.................... ////     #define LCD_DATA7       PIN_D7                                    //// 
.................... ////                                                                       //// 
.................... /////////////////////////////////////////////////////////////////////////////// 
.................... ////        (C) Copyright 1996,2010 Custom Computer Services           //// 
.................... //// This source code may only be used by licensed users of the CCS C  //// 
.................... //// compiler.  This source code may only be distributed to other      //// 
.................... //// licensed users of the CCS C compiler.  No other use, reproduction //// 
.................... //// or distribution is permitted without written permission.          //// 
.................... //// Derivative programs created using this software in object code    //// 
.................... //// form are not restricted in any way.                               //// 
.................... /////////////////////////////////////////////////////////////////////////// 
....................  
.................... #ifndef __LCD_C__ 
.................... #define __LCD_C__ 
....................  
.................... // define the pinout. 
.................... // only required if port access is being used. 
.................... typedef struct   
.................... {                            // This structure is overlayed 
....................    int1 enable;           // on to an I/O port to gain 
....................    int1 rs;               // access to the LCD pins. 
....................    int1 rw;               // The bits are allocated from 
....................    int1 unused;           // low order up.  ENABLE will 
....................    unsigned int     data : 4;         // be LSB pin of that port. 
....................   #if defined(__PCD__)       // The port used will be LCD_DATA_PORT. 
....................    unsigned int    reserved: 8; 
....................   #endif 
.................... } LCD_PIN_MAP; 
....................  
.................... // this is to improve compatability with previous LCD drivers that accepted 
.................... // a define labeled 'use_portb_lcd' that configured the LCD onto port B. 
.................... #if ((defined(use_portb_lcd)) && (use_portb_lcd==TRUE)) 
....................  #define LCD_DATA_PORT getenv("SFR:PORTB") 
.................... #endif 
....................  
.................... #if defined(__PCB__) 
....................    // these definitions only need to be modified for baseline PICs. 
....................    // all other PICs use LCD_PIN_MAP or individual LCD_xxx pin definitions. 
.................... /*                                    EN, RS,   RW,   UNUSED,  DATA  */ 
....................  const LCD_PIN_MAP LCD_OUTPUT_MAP =  {0,  0,    0,    0,       0}; 
....................  const LCD_PIN_MAP LCD_INPUT_MAP =   {0,  0,    0,    0,       0xF}; 
.................... #endif 
....................  
.................... ////////////////////// END CONFIGURATION /////////////////////////////////// 
....................  
.................... #ifndef LCD_ENABLE_PIN 
....................    #define lcd_output_enable(x) lcdlat.enable=x 
....................    #define lcd_enable_tris()   lcdtris.enable=0 
.................... #else 
....................    #define lcd_output_enable(x) output_bit(LCD_ENABLE_PIN, x) 
....................    #define lcd_enable_tris()  output_drive(LCD_ENABLE_PIN) 
.................... #endif 
....................  
.................... #ifndef LCD_RS_PIN 
....................    #define lcd_output_rs(x) lcdlat.rs=x 
....................    #define lcd_rs_tris()   lcdtris.rs=0 
.................... #else 
....................    #define lcd_output_rs(x) output_bit(LCD_RS_PIN, x) 
....................    #define lcd_rs_tris()  output_drive(LCD_RS_PIN) 
.................... #endif 
....................  
.................... #ifndef LCD_RW_PIN 
....................    #define lcd_output_rw(x) lcdlat.rw=x 
....................    #define lcd_rw_tris()   lcdtris.rw=0 
.................... #else 
....................    #define lcd_output_rw(x) output_bit(LCD_RW_PIN, x) 
....................    #define lcd_rw_tris()  output_drive(LCD_RW_PIN) 
.................... #endif 
....................  
.................... // original version of this library incorrectly labeled LCD_DATA0 as LCD_DATA4, 
.................... // LCD_DATA1 as LCD_DATA5, and so on.  this block of code makes the driver 
.................... // compatible with any code written for the original library 
.................... #if (defined(LCD_DATA0) && defined(LCD_DATA1) && defined(LCD_DATA2) && defined(LCD_DATA3) && !defined(LCD_DATA4) && !defined(LCD_DATA5) && !defined(LCD_DATA6) && !defined(LCD_DATA7)) 
....................    #define  LCD_DATA4    LCD_DATA0 
....................    #define  LCD_DATA5    LCD_DATA1 
....................    #define  LCD_DATA6    LCD_DATA2 
....................    #define  LCD_DATA7    LCD_DATA3 
.................... #endif 
....................  
.................... #ifndef LCD_DATA4 
.................... #ifndef LCD_DATA_PORT 
....................    #if defined(__PCB__) 
....................       #define LCD_DATA_PORT      0x06     //portb 
....................       #define set_tris_lcd(x)   set_tris_b(x) 
....................    #else 
....................      #if defined(PIN_D0) 
....................       #define LCD_DATA_PORT      getenv("SFR:PORTD")     //portd 
....................      #else 
....................       #define LCD_DATA_PORT      getenv("SFR:PORTB")     //portb 
....................      #endif 
....................    #endif    
.................... #endif 
....................  
.................... #if defined(__PCB__) 
....................    LCD_PIN_MAP lcd, lcdlat; 
....................    #byte lcd = LCD_DATA_PORT 
....................    #byte lcdlat = LCD_DATA_PORT 
.................... #elif defined(__PCM__) 
....................    LCD_PIN_MAP lcd, lcdlat, lcdtris; 
....................    #byte lcd = LCD_DATA_PORT 
....................    #byte lcdlat = LCD_DATA_PORT 
....................    #byte lcdtris = LCD_DATA_PORT+0x80 
.................... #elif defined(__PCH__) 
....................    LCD_PIN_MAP lcd, lcdlat, lcdtris; 
....................    #byte lcd = LCD_DATA_PORT 
....................    #byte lcdlat = LCD_DATA_PORT+9 
....................    #byte lcdtris = LCD_DATA_PORT+0x12 
.................... #elif defined(__PCD__) 
....................    LCD_PIN_MAP lcd, lcdlat, lcdtris; 
....................    #word lcd = LCD_DATA_PORT 
....................    #word lcdlat = LCD_DATA_PORT+2 
....................    #word lcdtris = LCD_DATA_PORT-0x02 
.................... #endif 
.................... #endif   //LCD_DATA4 not defined 
....................  
.................... #ifndef LCD_TYPE 
....................    #define LCD_TYPE 2           // 0=5x7, 1=5x10, 2=2 lines 
.................... #endif 
....................  
.................... #ifndef LCD_LINE_TWO 
....................    #define LCD_LINE_TWO 0x40    // LCD RAM address for the second line 
.................... #endif 
....................  
.................... #ifndef LCD_LINE_LENGTH 
....................    #define LCD_LINE_LENGTH 20 
.................... #endif 
....................  
.................... unsigned int8 const LCD_INIT_STRING[4] = {0x20 | (LCD_TYPE << 2), 0xc, 1, 6}; 
....................                              // These bytes need to be sent to the LCD 
....................                              // to start it up. 
....................  
.................... unsigned int8 lcd_read_nibble(void); 
....................  
.................... unsigned int8 lcd_read_byte(void) 
.................... { 
....................    unsigned int8 low,high; 
....................  
....................  #if defined(__PCB__) 
....................    set_tris_lcd(LCD_INPUT_MAP); 
....................  #else 
....................   #if (defined(LCD_DATA4) && defined(LCD_DATA5) && defined(LCD_DATA6) && defined(LCD_DATA7)) 
....................    output_float(LCD_DATA4); 
....................    output_float(LCD_DATA5); 
....................    output_float(LCD_DATA6); 
....................    output_float(LCD_DATA7); 
....................   #else 
....................    lcdtris.data = 0xF; 
*
0067:  MOVLW  0F
0068:  MOVLB  01
0069:  ANDWF  0D,W
006A:  IORLW  F0
006B:  MOVWF  0D
....................   #endif 
....................  #endif 
....................          
....................    lcd_output_rw(1); 
006C:  MOVLB  00
006D:  BSF    0D.2
....................    delay_cycles(1); 
006E:  NOP
....................    lcd_output_enable(1); 
006F:  BSF    0D.0
....................    delay_cycles(1); 
0070:  NOP
....................    high = lcd_read_nibble(); 
0071:  CALL   05B
0072:  MOVF   78,W
0073:  MOVWF  52
....................        
....................    lcd_output_enable(0); 
0074:  BCF    0D.0
....................    delay_cycles(1); 
0075:  NOP
....................    lcd_output_enable(1); 
0076:  BSF    0D.0
....................    delay_us(1); 
0077:  NOP
....................    low = lcd_read_nibble(); 
0078:  CALL   05B
0079:  MOVF   78,W
007A:  MOVWF  51
....................        
....................    lcd_output_enable(0); 
007B:  BCF    0D.0
....................  
....................  #if defined(__PCB__) 
....................    set_tris_lcd(LCD_OUTPUT_MAP); 
....................  #else 
....................   #if (defined(LCD_DATA4) && defined(LCD_DATA5) && defined(LCD_DATA6) && defined(LCD_DATA7)) 
....................    output_drive(LCD_DATA4); 
....................    output_drive(LCD_DATA5); 
....................    output_drive(LCD_DATA6); 
....................    output_drive(LCD_DATA7); 
....................   #else 
....................    lcdtris.data = 0x0; 
007C:  MOVLW  0F
007D:  MOVLB  01
007E:  ANDWF  0D,W
007F:  MOVWF  0D
....................   #endif 
....................  #endif 
....................  
....................    return( (high<<4) | low); 
0080:  MOVLB  00
0081:  SWAPF  52,W
0082:  MOVWF  77
0083:  MOVLW  F0
0084:  ANDWF  77,F
0085:  MOVF   77,W
0086:  IORWF  51,W
0087:  MOVWF  78
.................... } 
....................  
.................... unsigned int8 lcd_read_nibble(void) 
.................... { 
....................   #if (defined(LCD_DATA4) && defined(LCD_DATA5) && defined(LCD_DATA6) && defined(LCD_DATA7)) 
....................    unsigned int8 n = 0x00; 
....................  
....................    /* Read the data port */ 
....................    n |= input(LCD_DATA4); 
....................    n |= input(LCD_DATA5) << 1; 
....................    n |= input(LCD_DATA6) << 2; 
....................    n |= input(LCD_DATA7) << 3; 
....................     
....................    return(n); 
....................   #else 
....................    return(lcd.data); 
*
005B:  MOVF   0D,W
005C:  MOVWF  77
005D:  SWAPF  0D,W
005E:  ANDLW  0F
005F:  MOVWF  78
....................   #endif 
0060:  RETURN
.................... } 
....................  
.................... void lcd_send_nibble(unsigned int8 n) 
.................... { 
....................   #if (defined(LCD_DATA4) && defined(LCD_DATA5) && defined(LCD_DATA6) && defined(LCD_DATA7)) 
....................    /* Write to the data port */ 
....................    output_bit(LCD_DATA4, bit_test(n, 0)); 
....................    output_bit(LCD_DATA5, bit_test(n, 1)); 
....................    output_bit(LCD_DATA6, bit_test(n, 2)); 
....................    output_bit(LCD_DATA7, bit_test(n, 3)); 
....................   #else       
....................    lcdlat.data = n; 
*
004F:  SWAPF  52,W
0050:  ANDLW  F0
0051:  MOVWF  77
0052:  MOVLW  0F
0053:  ANDWF  0D,W
0054:  IORWF  77,W
0055:  MOVWF  0D
....................   #endif 
....................        
....................    delay_cycles(1); 
0056:  NOP
....................    lcd_output_enable(1); 
0057:  BSF    0D.0
....................    delay_us(2); 
0058:  GOTO   059
....................    lcd_output_enable(0); 
0059:  BCF    0D.0
005A:  RETURN
.................... } 
....................  
.................... void lcd_send_byte(unsigned int8 address, unsigned int8 n) 
.................... { 
....................   #if defined(__PCB__) 
....................    set_tris_lcd(LCD_OUTPUT_MAP); 
....................   #else 
....................    lcd_enable_tris(); 
*
0061:  MOVLB  01
0062:  BCF    0D.0
....................    lcd_rs_tris(); 
0063:  BCF    0D.1
....................    lcd_rw_tris(); 
0064:  BCF    0D.2
....................   #endif 
....................  
....................    lcd_output_rs(0); 
0065:  MOVLB  00
0066:  BCF    0D.1
....................    while ( bit_test(lcd_read_byte(),7) ) ; 
*
0088:  MOVF   78,W
0089:  MOVWF  51
008A:  BTFSC  51.7
008B:  GOTO   067
....................    lcd_output_rs(address); 
008C:  BTFSS  4F.0
008D:  BCF    0D.1
008E:  BTFSC  4F.0
008F:  BSF    0D.1
....................    delay_cycles(1); 
0090:  NOP
....................    lcd_output_rw(0); 
0091:  BCF    0D.2
....................    delay_cycles(1); 
0092:  NOP
....................    lcd_output_enable(0); 
0093:  BCF    0D.0
....................    lcd_send_nibble(n >> 4); 
0094:  SWAPF  50,W
0095:  MOVWF  51
0096:  MOVLW  0F
0097:  ANDWF  51,F
0098:  MOVF   51,W
0099:  MOVWF  52
009A:  CALL   04F
....................    lcd_send_nibble(n & 0xf); 
009B:  MOVF   50,W
009C:  ANDLW  0F
009D:  MOVWF  51
009E:  MOVWF  52
009F:  CALL   04F
00A0:  RETURN
.................... } 
....................  
.................... #if defined(LCD_EXTENDED_NEWLINE) 
.................... unsigned int8 g_LcdX, g_LcdY; 
.................... #endif 
....................  
.................... void lcd_init(void)  
.................... { 
....................    unsigned int8 i; 
....................  
....................  #if defined(__PCB__) 
....................    set_tris_lcd(LCD_OUTPUT_MAP); 
....................  #else 
....................   #if (defined(LCD_DATA4) && defined(LCD_DATA5) && defined(LCD_DATA6) && defined(LCD_DATA7)) 
....................    output_drive(LCD_DATA4); 
....................    output_drive(LCD_DATA5); 
....................    output_drive(LCD_DATA6); 
....................    output_drive(LCD_DATA7); 
....................   #else 
....................    lcdtris.data = 0x0; 
00A1:  MOVLW  0F
00A2:  MOVLB  01
00A3:  ANDWF  0D,W
00A4:  MOVWF  0D
....................   #endif 
....................    lcd_enable_tris(); 
00A5:  BCF    0D.0
....................    lcd_rs_tris(); 
00A6:  BCF    0D.1
....................    lcd_rw_tris(); 
00A7:  BCF    0D.2
....................  #endif 
....................  
....................    lcd_output_rs(0); 
00A8:  MOVLB  00
00A9:  BCF    0D.1
....................    lcd_output_rw(0); 
00AA:  BCF    0D.2
....................    lcd_output_enable(0); 
00AB:  BCF    0D.0
....................      
....................    delay_ms(15); 
00AC:  MOVLW  0F
00AD:  MOVWF  4B
00AE:  CALL   039
....................    for(i=1;i<=3;++i) 
00AF:  MOVLW  01
00B0:  MOVWF  41
00B1:  MOVF   41,W
00B2:  SUBLW  03
00B3:  BTFSS  03.0
00B4:  GOTO   0BD
....................    { 
....................        lcd_send_nibble(3); 
00B5:  MOVLW  03
00B6:  MOVWF  52
00B7:  CALL   04F
....................        delay_ms(5); 
00B8:  MOVLW  05
00B9:  MOVWF  4B
00BA:  CALL   039
00BB:  INCF   41,F
00BC:  GOTO   0B1
....................    } 
....................     
....................    lcd_send_nibble(2); 
00BD:  MOVLW  02
00BE:  MOVWF  52
00BF:  CALL   04F
....................    delay_ms(5); 
00C0:  MOVLW  05
00C1:  MOVWF  4B
00C2:  CALL   039
....................    for(i=0;i<=3;++i) 
00C3:  CLRF   41
00C4:  MOVF   41,W
00C5:  SUBLW  03
00C6:  BTFSS  03.0
00C7:  GOTO   0D1
....................       lcd_send_byte(0,LCD_INIT_STRING[i]); 
00C8:  MOVF   41,W
00C9:  CALL   003
00CA:  MOVWF  42
00CB:  CLRF   4F
00CC:  MOVF   42,W
00CD:  MOVWF  50
00CE:  CALL   061
....................  
....................   #if defined(LCD_EXTENDED_NEWLINE) 
00CF:  INCF   41,F
00D0:  GOTO   0C4
00D1:  MOVLP  00
00D2:  GOTO   356 (RETURN)
....................    g_LcdX = 0; 
....................    g_LcdY = 0; 
....................   #endif 
.................... } 
....................  
.................... void lcd_gotoxy(unsigned int8 x, unsigned int8 y) 
.................... { 
....................    unsigned int8 address; 
....................     
....................    if(y!=1) 
00D3:  DECFSZ 4C,W
00D4:  GOTO   0D6
00D5:  GOTO   0D9
....................       address=LCD_LINE_TWO; 
00D6:  MOVLW  40
00D7:  MOVWF  4D
00D8:  GOTO   0DA
....................    else 
....................       address=0; 
00D9:  CLRF   4D
....................       
....................    address+=x-1; 
00DA:  MOVLW  01
00DB:  SUBWF  4B,W
00DC:  ADDWF  4D,F
....................    lcd_send_byte(0,0x80|address); 
00DD:  MOVF   4D,W
00DE:  IORLW  80
00DF:  MOVWF  4E
00E0:  CLRF   4F
00E1:  MOVF   4E,W
00E2:  MOVWF  50
00E3:  CALL   061
....................  
....................   #if defined(LCD_EXTENDED_NEWLINE) 
00E4:  RETURN
....................    g_LcdX = x - 1; 
....................    g_LcdY = y - 1; 
....................   #endif 
.................... } 
....................  
.................... void lcd_putc(char c) 
.................... { 
....................    switch (c) 
00E5:  MOVF   4A,W
00E6:  XORLW  07
00E7:  BTFSC  03.2
00E8:  GOTO   0F3
00E9:  XORLW  0B
00EA:  BTFSC  03.2
00EB:  GOTO   0F8
00EC:  XORLW  06
00ED:  BTFSC  03.2
00EE:  GOTO   100
00EF:  XORLW  02
00F0:  BTFSC  03.2
00F1:  GOTO   106
00F2:  GOTO   10B
....................    { 
....................       case '\a'   :  lcd_gotoxy(1,1);     break; 
00F3:  MOVLW  01
00F4:  MOVWF  4B
00F5:  MOVWF  4C
00F6:  CALL   0D3
00F7:  GOTO   110
....................  
....................       case '\f'   :  lcd_send_byte(0,1); 
00F8:  CLRF   4F
00F9:  MOVLW  01
00FA:  MOVWF  50
00FB:  CALL   061
....................                      delay_ms(2); 
00FC:  MOVLW  02
00FD:  MOVWF  4B
00FE:  CALL   039
....................                     #if defined(LCD_EXTENDED_NEWLINE) 
....................                      g_LcdX = 0; 
....................                      g_LcdY = 0; 
....................                     #endif 
....................                      break; 
00FF:  GOTO   110
....................  
....................      #if defined(LCD_EXTENDED_NEWLINE) 
....................       case '\r'   :  lcd_gotoxy(1, g_LcdY+1);   break; 
....................       case '\n'   : 
....................          while (g_LcdX++ < LCD_LINE_LENGTH) 
....................          { 
....................             lcd_send_byte(1, ' '); 
....................          } 
....................          lcd_gotoxy(1, g_LcdY+2); 
....................          break; 
....................      #else 
....................       case '\n'   : lcd_gotoxy(1,2);        break; 
0100:  MOVLW  01
0101:  MOVWF  4B
0102:  MOVLW  02
0103:  MOVWF  4C
0104:  CALL   0D3
0105:  GOTO   110
....................      #endif 
....................       
....................       case '\b'   : lcd_send_byte(0,0x10);  break; 
0106:  CLRF   4F
0107:  MOVLW  10
0108:  MOVWF  50
0109:  CALL   061
010A:  GOTO   110
....................       
....................      #if defined(LCD_EXTENDED_NEWLINE) 
....................       default     :  
....................          if (g_LcdX < LCD_LINE_LENGTH) 
....................          { 
....................             lcd_send_byte(1, c); 
....................             g_LcdX++; 
....................          } 
....................          break; 
....................      #else 
....................       default     : lcd_send_byte(1,c);     break; 
010B:  MOVLW  01
010C:  MOVWF  4F
010D:  MOVF   4A,W
010E:  MOVWF  50
010F:  CALL   061
....................      #endif 
....................    } 
0110:  RETURN
.................... } 
....................   
.................... char lcd_getc(unsigned int8 x, unsigned int8 y) 
.................... { 
....................    char value; 
....................  
....................    lcd_gotoxy(x,y); 
....................    while ( bit_test(lcd_read_byte(),7) ); // wait until busy flag is low 
....................    lcd_output_rs(1); 
....................    value = lcd_read_byte(); 
....................    lcd_output_rs(0); 
....................     
....................    return(value); 
.................... } 
....................  
.................... // write a custom character to the ram 
.................... // which is 0-7 and specifies which character array we are modifying. 
.................... // ptr points to an array of 8 bytes, where each byte is the next row of 
.................... //    pixels.  only bits 0-4 are used.  the last row is the cursor row, and 
.................... //    usually you will want to leave this byte 0x00. 
.................... void lcd_set_cgram_char(unsigned int8 which, unsigned int8 *ptr) 
.................... { 
....................    unsigned int i; 
....................  
....................    which <<= 3; 
....................    which &= 0x38; 
....................  
....................    lcd_send_byte(0, 0x40 | which);  //set cgram address 
....................  
....................    for(i=0; i<8; i++) 
....................    { 
....................       lcd_send_byte(1, *ptr++); 
....................    } 
....................    
....................    #if defined(LCD_EXTENDED_NEWLINE) 
....................     lcd_gotoxy(g_LcdX+1, g_LcdY+1);  //set ddram address 
....................    #endif 
.................... } 
....................  
.................... void lcd_cursor_on(int1 on) 
.................... { 
....................    if (on) 
....................    { 
....................       lcd_send_byte(0,0x0F);           //turn LCD cursor ON 
....................    } 
....................    else 
....................    { 
....................       lcd_send_byte(0,0x0C);           //turn LCD cursor OFF 
....................    } 
.................... } 
....................  
.................... #endif 
....................  
....................  
....................  
.................... //#include <16F1827.h> 
.................... //#device ADC = 10 
.................... #fuses NOMCLR INTRC_IO 
.................... #use delay(clock = 8000000) 
*
0024:  MOVLW  20
0025:  MOVWF  05
0026:  MOVLW  21
0027:  MOVWF  04
0028:  MOVF   00,W
0029:  BTFSC  03.2
002A:  GOTO   038
002B:  MOVLW  02
002C:  MOVWF  78
002D:  CLRF   77
002E:  DECFSZ 77,F
002F:  GOTO   02E
0030:  DECFSZ 78,F
0031:  GOTO   02D
0032:  MOVLW  97
0033:  MOVWF  77
0034:  DECFSZ 77,F
0035:  GOTO   034
0036:  DECFSZ 00,F
0037:  GOTO   02B
0038:  RETURN
....................   
....................  
....................  
.................... //#use delay (clock=4000000); 
.................... #fuses HS, NOWDT, PUT, BROWNOUT, NOLVP  
.................... /* 
....................    HS: osc a cristal 
....................    NOWDT: No-Watch dog 
.................... */ 
....................  
....................  
.................... // -- Decla variáveis --- 
.................... int16 analogico;                // Var para pegar 10bits(0-1023) da entrada analogica(AN0)-leitura de tensão de saída 
.................... long memVolt;                   // Armazena média de 100 leituras de tensão 
.................... long t_Volts;                   // Armazena tensão em Volts 
....................  
.................... long memRpm;                   // Armazena média de 100 leituras de tensão 
.................... long f_Rpm;                   // Armazena tensão em Volts 
.................... int8 bMemPulso;               // Memoriza estado do pulso para comparar e detectar borda descida 
.................... int16 iContaPulso=0;          // Contagem de pulsos de entrada p/ Rpm 
.................... int16 iContaCiclo=0;          // Contagem de ciclos de varredura p/ Rpm 
.................... float iFrequencia = 0; 
.................... int16 iSeg=0;                  // Contagem de Tempo em segundos 
.................... int16 iMin=0;                  // Contagem de Tempo em minutos 
....................  
.................... unsigned int16 duty1 = 511;     // Inicia duty no meio(0 a 1023) 
....................  
....................  
.................... // --- Declara funções --- 
.................... int16 Volts(); 
.................... long medias_volt();  
....................  
.................... int16 RPM(); 
.................... long medias_Rpm();  
.................... long lerPortaAdc(int8 canal); 
.................... int8 PulsoDetecte(int8 bPulso);          // Check se Pulso é borada de descida 
.................... float ContaRpm(Boolean bPulso); 
....................  
....................  
.................... void main() 
*
02FF:  MOVLW  6A
0300:  MOVLB  01
0301:  MOVWF  19
0302:  MOVLB  00
0303:  CLRF   2C
0304:  CLRF   2B
0305:  CLRF   2E
0306:  CLRF   2D
0307:  CLRF   32
0308:  CLRF   31
0309:  CLRF   30
030A:  CLRF   2F
030B:  CLRF   34
030C:  CLRF   33
030D:  CLRF   36
030E:  CLRF   35
030F:  MOVLW  01
0310:  MOVWF  38
0311:  MOVLW  FF
0312:  MOVWF  37
0313:  MOVLB  03
0314:  CLRF   0C
0315:  CLRF   0D
0316:  MOVLB  02
0317:  CLRF   12
0318:  CLRF   11
0319:  CLRF   14
031A:  CLRF   13
031B:  MOVLB  00
031C:  CLRF   3A
031D:  CLRF   39
.................... { 
....................  
....................    int16 iMiliSeg = 0;  // Ctrl tempo em milisegundos, desconto de delay(50ms) no while 
....................     
....................    set_tris_a(0x0F);    // Seta Pinos A4 a A7 saída(0000) e A0 a A3 como entrada(1111)(sendo A0eA1 analógica) - ou...set_tris_a(0b00001111);  
031E:  MOVLW  0F
031F:  TRIS   5
....................                         // Pinos A0 e A1 são entradas do potenciometro 
....................                         // Pinos A2eA3 são entradas dos botões(Up e Down) 
....................                          
....................    set_tris_b(0x00);    // LCD - e PWM, Seta pinos B como saída[0x0(0000)0(0000)] ou set_tris_b(0b00000000); 
0320:  MOVLW  00
0321:  TRIS   6
....................     
....................    //ADCON0 = 0X0F;       // Config os pinos do PortA( como digitais 
....................    // INTCON2 = 0x7F;   // Habilita os Pull-Ups internos do PortB(0111 1111b) 
....................     
....................    // Seta Pino a5 p/ 1 conectado ao Pino MCLR, com isso põe o MC em modo funcionamento 
....................    // output_high(PIN_A5);  
....................   
....................    //kbd_init(); // teclado 
....................  
....................    // Setup PWM 
....................    setup_oscillator(OSC_1MHZ);           // Set internal oscillator to 8MHz 
0322:  MOVLW  58
0323:  MOVLB  01
0324:  MOVWF  19
....................    setup_adc(ADC_CLOCK_DIV_8);           // Set ADC conversion time to 8Tosc 
0325:  BSF    1E.4
0326:  BCF    1E.5
0327:  BCF    1E.6
0328:  BSF    1E.7
0329:  BSF    1D.0
....................   // setup_adc_ports(AN0_TO_AN1);        // Configure AN0 and AN1 as analog inputs 
....................   // setup_adc_ports(sAN1);                // Configure AN0 as analog inputs 
....................     
....................    setup_ccp1(CCP_PWM);                   // Configure CCP1 como PWM - Pino 9(RB3) 
032A:  MOVLB  02
032B:  BCF    1D.0
032C:  BCF    1D.1
032D:  BCF    1D.2
032E:  MOVLB  01
032F:  BCF    0D.3
0330:  MOVLB  02
0331:  BCF    0D.3
0332:  MOVLW  0C
0333:  MOVLB  05
0334:  MOVWF  13
0335:  CLRF   14
0336:  CLRF   15
0337:  BCF    1E.0
0338:  BCF    1E.1
0339:  MOVLW  01
033A:  MOVWF  16
....................    //setup_ccp2(CCP_PWM);                 // Configure CCP2 como PWM - Pino 16(RA7) 
....................     
....................    /* 
....................       Temos que usar o Timer2 para configurar a frequência pwm 
....................       Use a seguinte equação para calcular a frequência pwm: 
....................       Período PWM = [(PR2) + 1] • 4 • Tosc • (Valor de pré-escala TMR2) 
....................       Onde a frequência PWM é definida como 1 / [período PWM]. 
....................       PR2 é o valor de pré-carga do Timer2, 
....................       Tosc = 1 / (MCU_frequency) O valor de pré-escala TMR2 
....................       pode ser 1, 4 ou 16. 
....................     
....................       PWM = (PR2+1).4.(1/CLOCK) -> Clock $Mhz, depende da config no Proj.Wizard 
....................       Freq = 1/PWM    
....................        
....................       PWM = (250+1).4.(1/4.000.000) 
....................       PWM = 1004.0,000.000.25 
....................       PWM = 0,000.251 
....................        
....................       Freq = 1/PWM 
....................       Freq = 1/0,000.251 
....................       Freq = 3.984hz 
....................        
....................       Osc(hz) = Freq / BY_X 
....................       Osc(hz) = 3984/16 
....................       Osc(hz) = 249hz      
....................        
....................       BY_1, 4 ou 16, 1a255, 16  
....................       setup_timer_2(T2_DIV_BY_1, 255, 16);    = 4khz      (16x250=4000 -> 4khz/By_1 = 4khz) 
....................       setup_timer_2(T2_DIV_BY_4, 250, 16);   = 1khz      (16x250=4000 -> 4khz/By_4 = 1khz) 
....................       setup_timer_2(T2_DIV_BY_16, 250, 16);   = 250hz    (16x250=4000 -> 4khz/By_16 = 250hz) 
....................     */ 
....................     
....................    setup_timer_2(T2_DIV_BY_1, 255, 16);    // Set PWM frequency to 244Hz -  
033B:  MOVLW  78
033C:  MOVWF  78
033D:  IORLW  04
033E:  MOVLB  00
033F:  MOVWF  1C
0340:  MOVLW  FF
0341:  MOVWF  1B
....................    delay_ms(10);                             // Wait 100ms 
0342:  MOVLW  0A
0343:  MOVWF  41
0344:  CALL   024
....................  
....................    setup_adc_ports(sAN1);                 // Config porta AN1(analogica) leitura de tensão 
0345:  MOVLB  01
0346:  BCF    1E.0
0347:  BCF    1E.1
0348:  BCF    1E.2
0349:  MOVLW  02
034A:  MOVLB  03
034B:  MOVWF  0C
034C:  MOVLW  00
034D:  MOVWF  0D
....................    setup_adc(ADC_CLOCK_INTERNAL); 
034E:  MOVLB  01
034F:  BSF    1E.4
0350:  BSF    1E.5
0351:  BCF    1E.6
0352:  BSF    1E.7
0353:  BSF    1D.0
....................  
....................    
....................  
....................     lcd_init(); 
0354:  MOVLB  00
0355:  GOTO   0A1
....................     
....................     printf(lcd_putc,"\f Voltimetro PIC");       // imprimir no lcd (\f limpa o lcd) 
0356:  MOVLW  08
0357:  MOVLB  03
0358:  MOVWF  11
0359:  MOVLW  00
035A:  MOVWF  12
035B:  MOVLB  00
035C:  GOTO   111
....................     delay_ms(50);     // atualização de tela a cada X ms 
035D:  MOVLW  32
035E:  MOVWF  41
035F:  CALL   024
....................      
....................  
....................    while(TRUE) 
....................    { 
....................     
....................       // A cada 20 miliseg(1000ms50ms(delays)) incrementa segundos 
....................       if(iMiliSeg >= 20){  
0360:  MOVF   3A,F
0361:  BTFSS  03.2
0362:  GOTO   367
0363:  MOVF   39,W
0364:  SUBLW  13
0365:  BTFSC  03.0
0366:  GOTO   36C
....................          iMiliSeg = 0;   
0367:  CLRF   3A
0368:  CLRF   39
....................          iSeg++;  
0369:  INCF   33,F
036A:  BTFSC  03.2
036B:  INCF   34,F
....................       } 
....................       if(iSeg >= 59){  
036C:  MOVF   34,F
036D:  BTFSS  03.2
036E:  GOTO   373
036F:  MOVF   33,W
0370:  SUBLW  3A
0371:  BTFSC  03.0
0372:  GOTO   37A
....................          iMiliSeg = 0;   
0373:  CLRF   3A
0374:  CLRF   39
....................          iSeg = 0; 
0375:  CLRF   34
0376:  CLRF   33
....................          iMin++; 
0377:  INCF   35,F
0378:  BTFSC  03.2
0379:  INCF   36,F
....................       } 
....................        
....................        
....................       int16 tensao = Volts(); 
....................      // int16 iRpm = RPM(); 
....................       float fContaRpm = ContaRpm(input(pin_a4)); 
037A:  GOTO   19B
037B:  MOVF   79,W
037C:  MOVWF  3C
037D:  MOVF   78,W
037E:  MOVWF  3B
037F:  MOVLB  01
0380:  BSF    0C.4
*
0385:  MOVWF  41
0386:  MOVWF  42
0387:  GOTO   1ED
0388:  MOVF   7A,W
0389:  MOVWF  40
038A:  MOVF   79,W
038B:  MOVWF  3F
038C:  MOVF   78,W
038D:  MOVWF  3E
038E:  MOVF   77,W
038F:  MOVWF  3D
....................        
....................         
....................       // PWM-0 - Não esta em uso 
....................       //set_adc_channel(0);                   // Select channel AN0 - RPM 
....................       //delay_ms(10);                         // Wait 1ms 
....................        
....................        
....................       // PWM 1 
....................       // Leitura da porta analogica - Tensão de saída 
....................      // set_adc_channel(1);           // Config entrada analogica 1 que sera lida(entrada 0 esta potenciometro ajuste largura de pulso PWM) 
....................      // delay_us(10);                 // tempo para seleção 
....................     
....................     
....................       /***********************************************************************************************/ 
....................       // Le potenciometro ajustavel 
....................       //duty1 = read_adc();         // Read from AN0 and store in i - AN0 varia de 0 a 1023 
....................       duty1 = lerPortaAdc(1);       // Read from AN0 and store in i - AN0 varia de 0 a 1023 
0390:  MOVLW  01
0391:  MOVWF  46
0392:  CALL   157
0393:  MOVF   79,W
0394:  MOVWF  38
0395:  MOVF   78,W
0396:  MOVWF  37
....................        
....................       /********************************** OU...botoes ************************************************/ 
....................       if( input(pin_a2) == 1 ){  
0397:  MOVLB  01
0398:  BSF    0C.2
0399:  MOVLB  00
039A:  BTFSS  0C.2
039B:  GOTO   3A6
....................          duty1 += 50;  
039C:  MOVLW  32
039D:  ADDWF  37,F
039E:  MOVLW  00
039F:  ADDWFC 38,F
....................          output_high(pin_a4); 
03A0:  MOVLB  01
03A1:  BCF    0C.4
03A2:  MOVLB  02
03A3:  BSF    0C.4
....................         // delay_ms(10);  
....................       }else if( input(pin_a3) == 1 ){  
03A4:  GOTO   3B9
03A5:  MOVLB  00
03A6:  MOVLB  01
03A7:  BSF    0C.3
03A8:  MOVLB  00
03A9:  BTFSS  0C.3
03AA:  GOTO   3B5
....................          duty1 -= 50;  
03AB:  MOVLW  32
03AC:  SUBWF  37,F
03AD:  MOVLW  00
03AE:  SUBWFC 38,F
....................          output_high(pin_a4); 
03AF:  MOVLB  01
03B0:  BCF    0C.4
03B1:  MOVLB  02
03B2:  BSF    0C.4
....................          //delay_ms(10);  
....................       }else{ output_low(pin_a4); } 
03B3:  GOTO   3B9
03B4:  MOVLB  00
03B5:  MOVLB  01
03B6:  BCF    0C.4
03B7:  MOVLB  02
03B8:  BCF    0C.4
....................        
....................       /***********************************************************************************************/ 
....................        
....................      // delay_ms(10);                         // Wait 1ms 
....................       set_pwm1_duty(duty1);                 // Set pwm1 duty cycle to i 
03B9:  MOVLB  00
03BA:  MOVF   38,W
03BB:  MOVWF  79
03BC:  MOVF   37,W
03BD:  MOVWF  78
03BE:  RRF    79,F
03BF:  RRF    78,F
03C0:  RRF    79,F
03C1:  RRF    78,F
03C2:  RRF    79,F
03C3:  MOVF   78,W
03C4:  MOVLB  05
03C5:  MOVWF  11
03C6:  RRF    79,F
03C7:  RRF    79,W
03C8:  ANDLW  30
03C9:  MOVWF  77
03CA:  MOVF   13,W
03CB:  ANDLW  CF
03CC:  IORWF  77,W
03CD:  MOVWF  13
....................       delay_ms(10);                         // Wait 1ms 
03CE:  MOVLW  0A
03CF:  MOVLB  00
03D0:  MOVWF  41
03D1:  CALL   024
....................  
....................      // Limites 
....................      if(duty1<=1) duty1=1; 
03D2:  MOVF   38,F
03D3:  BTFSS  03.2
03D4:  GOTO   3DC
03D5:  MOVF   37,W
03D6:  SUBLW  01
03D7:  BTFSS  03.0
03D8:  GOTO   3DC
03D9:  CLRF   38
03DA:  MOVLW  01
03DB:  MOVWF  37
....................      if(duty1>=1023) duty1=1023; 
03DC:  MOVF   38,W
03DD:  SUBLW  02
03DE:  BTFSC  03.0
03DF:  GOTO   3EB
03E0:  XORLW  FF
03E1:  BTFSS  03.2
03E2:  GOTO   3E7
03E3:  MOVF   37,W
03E4:  SUBLW  FE
03E5:  BTFSC  03.0
03E6:  GOTO   3EB
03E7:  MOVLW  03
03E8:  MOVWF  38
03E9:  MOVLW  FF
03EA:  MOVWF  37
....................        
....................          
....................       //set_adc_channel(1);                  // Select channel AN1 
....................       //delay_ms(1);                         // Wait 1ms 
....................       // j = read_adc();                      // Read from AN1 and store in j 
....................       //set_pwm1_duty(i);                    // Set pwm1 duty cycle to i 
....................       // set_pwm2_duty(j);                    // Set pwm2 duty cycle to j - não uso porta 2 
....................       //delay_ms(1);                         // Wait 1ms 
....................          
....................      //analogico = read_adc();     // leitura da entrada analogica       
....................      // printf("\r\n %lu Vcc \n\r Duty %lu",volts(),duty1); 
....................        
....................       printf(lcd_putc,"\f %lu Vcc - %lu %lu %lu \n\r %lu(Duty)",tensao,  iMin, iSeg, iMiliSeg, duty1);        // Lê a entrada da porta analogica(Volt()) e imprimir no lcd (\f limpa o lcd) 
03EB:  MOVLW  0C
03EC:  MOVWF  4A
03ED:  CALL   0E5
03EE:  MOVLW  20
03EF:  MOVWF  4A
03F0:  CALL   0E5
03F1:  MOVLW  10
03F2:  MOVWF  04
03F3:  MOVF   3C,W
03F4:  MOVWF  42
03F5:  MOVF   3B,W
03F6:  MOVWF  41
03F7:  CALL   254
03F8:  MOVLW  13
03F9:  MOVLB  03
03FA:  MOVWF  11
03FB:  MOVLW  00
03FC:  MOVWF  12
03FD:  BSF    03.0
03FE:  MOVLW  07
03FF:  MOVLB  00
0400:  MOVWF  41
0401:  CALL   2B2
0402:  MOVLW  10
0403:  MOVWF  04
0404:  MOVF   36,W
0405:  MOVWF  42
0406:  MOVF   35,W
0407:  MOVWF  41
0408:  CALL   254
0409:  MOVLW  20
040A:  MOVWF  4A
040B:  CALL   0E5
040C:  MOVLW  10
040D:  MOVWF  04
040E:  MOVF   34,W
040F:  MOVWF  42
0410:  MOVF   33,W
0411:  MOVWF  41
0412:  CALL   254
0413:  MOVLW  20
0414:  MOVWF  4A
0415:  CALL   0E5
0416:  MOVLW  10
0417:  MOVWF  04
0418:  MOVF   3A,W
0419:  MOVWF  42
041A:  MOVF   39,W
041B:  MOVWF  41
041C:  CALL   254
041D:  MOVLW  1C
041E:  MOVLB  03
041F:  MOVWF  11
0420:  MOVLW  00
0421:  MOVWF  12
0422:  BSF    03.0
0423:  MOVLW  04
0424:  MOVLB  00
0425:  MOVWF  41
0426:  CALL   2B2
0427:  MOVLW  10
0428:  MOVWF  04
0429:  MOVF   38,W
042A:  MOVWF  42
042B:  MOVF   37,W
042C:  MOVWF  41
042D:  CALL   254
042E:  MOVLW  20
042F:  MOVLB  03
0430:  MOVWF  11
0431:  MOVLW  00
0432:  MOVWF  12
0433:  BCF    03.0
0434:  MOVLW  06
0435:  MOVLB  00
0436:  MOVWF  41
0437:  CALL   2B2
....................       delay_ms(50); 
0438:  MOVLW  32
0439:  MOVWF  41
043A:  CALL   024
....................       
....................       
....................      iMiliSeg++;     // Incementa ctrl de tempo em Milisegundos - considerar atraso de 50ms do delay(40+10) acima 
043B:  INCF   39,F
043C:  BTFSC  03.2
043D:  INCF   3A,F
043E:  GOTO   360
....................     
....................    } 
....................  
.................... } 
....................  
043F:  SLEEP
.................... long lerPortaAdc(int8 canal){ 
.................... // faz leitura da porta analogica, retorna valor na porta 
....................    set_adc_channel(canal); 
*
0157:  RLF    46,W
0158:  MOVWF  77
0159:  RLF    77,F
015A:  MOVLW  FC
015B:  ANDWF  77,F
015C:  MOVLB  01
015D:  MOVF   1D,W
015E:  ANDLW  83
015F:  IORWF  77,W
0160:  MOVWF  1D
....................    delay_us(20); 
0161:  MOVLW  0C
0162:  MOVWF  77
0163:  DECFSZ 77,F
0164:  GOTO   163
0165:  GOTO   166
0166:  NOP
....................    return read_adc(); 
0167:  BSF    1D.1
0168:  MOVLW  23
0169:  MOVWF  77
016A:  BTFSS  1D.1
016B:  GOTO   16E
016C:  DECFSZ 77,F
016D:  GOTO   16A
016E:  MOVF   1C,W
016F:  MOVWF  7A
0170:  MOVF   1B,W
0171:  MOVWF  78
0172:  MOVF   1C,W
0173:  MOVWF  79
0174:  MOVLB  00
0175:  RETURN
.................... } 
....................  
.................... int8 PulsoDetecte(int8 bPulso){ 
.................... // Check se pulso atual é zero, Compara pulso anterior com pulso atual e ve se mudou de 1 p/ 0(Borda de descida 
....................    if(bPulso == 0){                 // Se agora é falso(Zero) 
*
01EF:  MOVF   43,F
01F0:  BTFSS  03.2
01F1:  GOTO   200
....................       if(bMemPulso == 1){           // Se Pulso anterior(Memorizado) == 1 e agora é zero... borda de descida 
01F2:  DECFSZ 2A,W
01F3:  GOTO   1FA
....................          bMemPulso = bPulso;        // Memoriza estado atual 
01F4:  MOVF   43,W
01F5:  MOVWF  2A
....................          return 0;  
01F6:  MOVLW  00
01F7:  MOVWF  78
01F8:  GOTO   204
....................               
....................       }else{  
01F9:  GOTO   1FF
....................          bMemPulso = bPulso;  // Memoriza estado atual 
01FA:  MOVF   43,W
01FB:  MOVWF  2A
....................          return 1;  
01FC:  MOVLW  01
01FD:  MOVWF  78
01FE:  GOTO   204
....................       } 
....................    }else{ 
01FF:  GOTO   204
....................       bMemPulso = bPulso;  // Memoriza estado atual 
0200:  MOVF   43,W
0201:  MOVWF  2A
....................       return 1;  
0202:  MOVLW  01
0203:  MOVWF  78
....................    } 
....................  
.................... } 
....................  
.................... float ContaRpm(int8 bPulso){ 
.................... // calcula, conta frequencia de pulsos 
....................  
....................     
....................    
....................     
....................    if(PulsoDetecte(bPulso) == 0){      // Borda de descida 
*
01ED:  MOVF   42,W
01EE:  MOVWF  43
*
0204:  MOVF   78,F
0205:  BTFSS  03.2
0206:  GOTO   24A
....................        
....................       iContaPulso++; 
0207:  INCF   2B,F
0208:  BTFSC  03.2
0209:  INCF   2C,F
....................       iContaCiclo++; 
020A:  INCF   2D,F
020B:  BTFSC  03.2
020C:  INCF   2E,F
....................        
....................        
....................       if(iContaCiclo >= 60){ 
020D:  MOVF   2E,F
020E:  BTFSS  03.2
020F:  GOTO   214
0210:  MOVF   2D,W
0211:  SUBLW  3B
0212:  BTFSC  03.0
0213:  GOTO   24A
....................          iFrequencia = iContaPulso/60; 
0214:  MOVF   2C,W
0215:  MOVWF  47
0216:  MOVF   2B,W
0217:  MOVWF  46
0218:  CLRF   49
0219:  MOVLW  3C
021A:  MOVWF  48
021B:  CALL   176
021C:  MOVF   79,W
021D:  MOVWF  7A
021E:  MOVF   78,W
021F:  MOVWF  43
0220:  MOVF   7A,W
0221:  MOVWF  44
*
023E:  MOVF   7A,W
023F:  MOVWF  32
0240:  MOVF   79,W
0241:  MOVWF  31
0242:  MOVF   78,W
0243:  MOVWF  30
0244:  MOVF   77,W
0245:  MOVWF  2F
....................          iContaPulso = 0; 
0246:  CLRF   2C
0247:  CLRF   2B
....................          iContaCiclo = 0; 
0248:  CLRF   2E
0249:  CLRF   2D
....................           
....................       } 
....................     
....................       //iFrequencia = iContaCiclo; 
....................    } 
....................     
....................    return iFrequencia; 
024A:  MOVF   2F,W
024B:  MOVWF  77
024C:  MOVF   30,W
024D:  MOVWF  78
024E:  MOVF   31,W
024F:  MOVWF  79
0250:  MOVF   32,W
0251:  MOVWF  7A
0252:  MOVLP  00
0253:  GOTO   388 (RETURN)
....................  
....................  
.................... } 
....................  
....................  
.................... int16 volts() { 
....................  
....................    memVolt = medias_volt();          // Recebe o valor médio da tensão retornando pela função average_volt 
*
01B7:  MOVF   79,W
01B8:  MOVWF  23
01B9:  MOVF   78,W
01BA:  MOVWF  22
....................   // memVolt = read_adc();                    // leitura da entrada analogica 
....................    int16 t_Volts = (memVolt*48)/1023;      // 400 = 40.0 Volt(tensão máx, com 1 decimal) - Converte valor para Volts(1023 Resolução de 10 bits do conversor AD) 
01BB:  MOVF   23,W
01BC:  MOVWF  44
01BD:  MOVF   22,W
01BE:  MOVWF  43
01BF:  CLRF   46
01C0:  MOVLW  30
01C1:  MOVWF  45
*
01D6:  MOVF   79,W
01D7:  MOVWF  44
01D8:  MOVF   78,W
01D9:  MOVWF  43
01DA:  MOVF   79,W
01DB:  MOVWF  47
01DC:  MOVF   78,W
01DD:  MOVWF  46
01DE:  MOVLW  03
01DF:  MOVWF  49
01E0:  MOVLW  FF
01E1:  MOVWF  48
01E2:  CALL   176
01E3:  MOVF   79,W
01E4:  MOVWF  42
01E5:  MOVF   78,W
01E6:  MOVWF  41
....................     
....................    /* caso se tenha um Voltímetro até 60V: 
....................     * Reprojetar o divisor de tensão p/ 60V 
....................     * Alterar calc para: 
....................     * t_Volts = (store*600)/1023;       
....................     */ 
....................     
....................    return(t_Volts); 
01E7:  MOVF   41,W
01E8:  MOVWF  78
01E9:  MOVF   42,W
01EA:  MOVWF  79
01EB:  MOVLP  00
01EC:  GOTO   37B (RETURN)
....................  
.................... } 
....................     
.................... long medias_volt(){                 // Função que calcula a média de 100 leituras de tensão 
*
019B:  CLRF   45
019C:  CLRF   44
....................                                     // garante maior precisão na medida, se houver alma leitura erronea por ruídos, ele vai corrigir pois retorna a média(100) das leituras 
....................    unsigned char i;                 // Var de iterações 
....................    long volt_armazena = 0;          // var local p/ armazenar o valor de tensão 
....................     
....................    for(i=0; i<100; i++){                 // Soma as 100 leituras 
019D:  CLRF   43
019E:  MOVF   43,W
019F:  SUBLW  63
01A0:  BTFSS  03.0
01A1:  GOTO   1AB
....................       //volt_armazena += ADC_Read(0);    // Temp_store = temp_store + ADC_Read(0) (Faz soma das 100 leitiras) 
....................       volt_armazena += lerPortaAdc(1);       // leitura da entrada analogica 
01A2:  MOVLW  01
01A3:  MOVWF  46
01A4:  CALL   157
01A5:  MOVF   78,W
01A6:  ADDWF  44,F
01A7:  MOVF   79,W
01A8:  ADDWFC 45,F
01A9:  INCF   43,F
01AA:  GOTO   19E
....................    } 
....................     
....................    return(volt_armazena/100);          // Retorna a media das iterações  
01AB:  MOVF   45,W
01AC:  MOVWF  47
01AD:  MOVF   44,W
01AE:  MOVWF  46
01AF:  CLRF   49
01B0:  MOVLW  64
01B1:  MOVWF  48
01B2:  CALL   176
01B3:  MOVF   79,W
01B4:  MOVWF  7A
01B5:  MOVF   79,W
01B6:  MOVWF  79
....................     
....................     
.................... } // end average_temp 
....................  
....................  
....................  
.................... int16 RPM() { 
....................  
....................   // memRPM = medias_RPM();          // Recebe o valor médio da tensão retornando pela função average_volt 
....................    //memRPM = read_adc();                    // leitura da entrada analogica 
....................    memRPM = lerPortaAdc(0);       // Read from AN0 and store in i - AN0 varia de 0 a 1023 
....................    int16 f_Rpm =memRPM; //(memRPM*48)/1023;      // 400 = 40.0 Volt(tensão máx, com 1 decimal) - Converte valor para Volts(1023 Resolução de 10 bits do conversor AD) 
....................     
....................    /* caso se tenha um Voltímetro até 60V: 
....................     * Reprojetar o divisor de tensão p/ 60V 
....................     * Alterar calc para: 
....................     * t_Volts = (store*600)/1023;       
....................     */ 
....................     
....................    return(f_Rpm); 
....................  
.................... } 
....................     
.................... long medias_RPM(){                 // Função que calcula a média de 100 leituras de tensão 
....................                                     // garante maior precisão na medida, se houver alma leitura erronea por ruídos, ele vai corrigir pois retorna a média(100) das leituras 
....................    unsigned char i;                 // Var de iterações 
....................    long rpm_armazena = 0;          // var local p/ armazenar o valor de tensão 
....................     
....................    for(i=0; i<100; i++){                 // Soma as 100 leituras 
....................       //volt_armazena += ADC_Read(0);    // Temp_store = temp_store + ADC_Read(0) (Faz soma das 100 leitiras) 
....................       rpm_armazena += read_adc();       // leitura da entrada analogica 
....................    } 
....................     
....................    return(rpm_armazena/100);          // Retorna a media das iterações  
....................     
....................     
.................... } // end average_temp 
....................  
....................  

Configuration Fuses:
   Word  1: 3F82   HS NOWDT PUT NOMCLR NOPROTECT NOCPD BROWNOUT NOCLKOUT IESO FCMEN
   Word  2: 1EFF   NOWRT PLL_SW STVREN BORV19 NODEBUG NOLVP
